<html>
<body>
<pre>
<h1>礦ision Build Log</h1>
<h2>Tool Versions:</h2>
IDE-Version: μVision V5.38.0.0
Copyright (C) 2022 ARM Ltd and ARM Germany GmbH. All rights reserved.
License Information: a a, a, LIC=585FJ-UKFD6-QDNKD-8RG9Y-L72G7-N1RRX
 
Tool Versions:
Toolchain:       MDK-ARM Plus  Version: 5.38.0.0
Toolchain Path:  D:\software\Keil_v5\ARM\ARMCC\Bin
C Compiler:      Armcc.exe V5.06 update 7 (build 960)
Assembler:       Armasm.exe V5.06 update 7 (build 960)
Linker/Locator:  ArmLink.exe V5.06 update 7 (build 960)
Library Manager: ArmAr.exe V5.06 update 7 (build 960)
Hex Converter:   FromElf.exe V5.06 update 7 (build 960)
CPU DLL:         SARMCM3.DLL V5.38.0.0
Dialog DLL:      DCM.DLL V1.17.5.0
Target DLL:      STLink\ST-LINKIII-KEIL_SWO.dll V3.1.0.0
Dialog DLL:      TCM.DLL V1.56.4.0
 
<h2>Project:</h2>
f:\atguigu\06_embedded\15_尚硅谷嵌入式项目之平衡车\03_代码\CAR_REG\CAR_REG.uvprojx
Project File Date:  07/24/2024

<h2>Output:</h2>
*** Using Compiler 'V5.06 update 7 (build 960)', folder: 'D:\software\Keil_v5\ARM\ARMCC\Bin'
Build target 'Target 1'
compiling App_Car.c...
App\App_Car.c(70): warning:  #223-D: function "sprintf" declared implicitly
      sprintf(bat_str, "%3.1f", bat_vol);
App\App_Car.c(71): warning:  #167-D: argument of type "char *" is incompatible with parameter of type "u8 *"
      OLED_ShowString(32, 0, bat_str, 16, 1);
App\App_Car.c(76): warning:  #167-D: argument of type "char *" is incompatible with parameter of type "u8 *"
      OLED_ShowString(24, 16, ea_str, 16, 1); // 前面有EA:三个字符，x=3*8=24开始;第二行，y=16
App\App_Car.c(77): warning:  #167-D: argument of type "char *" is incompatible with parameter of type "u8 *"
      OLED_ShowString(24, 32, eb_str, 16, 1); // 前面有EB:三个字符，x=3*8=24开始;第三行，y=32
App\App_Car.c(81): warning:  #167-D: argument of type "char *" is incompatible with parameter of type "u8 *"
      OLED_ShowString(48, 48, angle_str, 16, 1); // 前面有Angle:六个字符，x=6*8=48开始;第四行，y=48
App\App_Car.c: 5 warnings, 0 errors
linking...
Program Size: Code=16876 RO-data=8124 RW-data=304 ZI-data=18392  
FromELF: creating hex file...
".\Objects\CAR_REG.axf" - 0 Error(s), 5 Warning(s).

<h2>Software Packages used:</h2>

Package Vendor: Keil
                https://www.keil.com/pack/Keil.STM32F1xx_DFP.2.4.1.pack
                Keil.STM32F1xx_DFP.2.4.1
                STMicroelectronics STM32F1 Series Device Support, Drivers and Examples

<h2>Collection of Component include folders:</h2>
  D:/software/Keil_v5/ARM/Packs/Keil/STM32F1xx_DFP/2.4.1/Device/Include

<h2>Collection of Component Files used:</h2>
Build Time Elapsed:  00:00:01
</pre>
</body>
</html>
