Component: ARM Compiler 5.06 update 7 (build 960) Tool: armlink [4d3601]

==============================================================================

Section Cross References

    startup_stm32f103xb.o(RESET) refers to startup_stm32f103xb.o(STACK) for __initial_sp
    startup_stm32f103xb.o(RESET) refers to startup_stm32f103xb.o(.text) for Reset_Handler
    startup_stm32f103xb.o(RESET) refers to stm32f1xx_it.o(i.NMI_Handler) for NMI_Handler
    startup_stm32f103xb.o(RESET) refers to stm32f1xx_it.o(i.HardFault_Handler) for HardFault_Handler
    startup_stm32f103xb.o(RESET) refers to stm32f1xx_it.o(i.MemManage_Handler) for MemManage_Handler
    startup_stm32f103xb.o(RESET) refers to stm32f1xx_it.o(i.BusFault_Handler) for BusFault_Handler
    startup_stm32f103xb.o(RESET) refers to stm32f1xx_it.o(i.UsageFault_Handler) for UsageFault_Handler
    startup_stm32f103xb.o(RESET) refers to port.o(.emb_text) for SVC_Handler
    startup_stm32f103xb.o(RESET) refers to stm32f1xx_it.o(i.DebugMon_Handler) for DebugMon_Handler
    startup_stm32f103xb.o(RESET) refers to stm32f1xx_it.o(i.SysTick_Handler) for SysTick_Handler
    startup_stm32f103xb.o(RESET) refers to stm32f1xx_it.o(i.TIM1_UP_IRQHandler) for TIM1_UP_IRQHandler
    startup_stm32f103xb.o(RESET) refers to stm32f1xx_it.o(i.USART1_IRQHandler) for USART1_IRQHandler
    startup_stm32f103xb.o(RESET) refers to stm32f1xx_it.o(i.USART2_IRQHandler) for USART2_IRQHandler
    startup_stm32f103xb.o(.text) refers to system_stm32f1xx.o(i.SystemInit) for SystemInit
    startup_stm32f103xb.o(.text) refers to entry.o(.ARM.Collect$$$$00000000) for __main
    main.o(i.HAL_TIM_PeriodElapsedCallback) refers to stm32f1xx_hal.o(i.HAL_IncTick) for HAL_IncTick
    main.o(i.SystemClock_Config) refers to memseta.o(.text) for __aeabi_memclr4
    main.o(i.SystemClock_Config) refers to stm32f1xx_hal_rcc.o(i.HAL_RCC_OscConfig) for HAL_RCC_OscConfig
    main.o(i.SystemClock_Config) refers to main.o(i.Error_Handler) for Error_Handler
    main.o(i.SystemClock_Config) refers to stm32f1xx_hal_rcc.o(i.HAL_RCC_ClockConfig) for HAL_RCC_ClockConfig
    main.o(i.SystemClock_Config) refers to stm32f1xx_hal_rcc_ex.o(i.HAL_RCCEx_PeriphCLKConfig) for HAL_RCCEx_PeriphCLKConfig
    main.o(i.main) refers to stm32f1xx_hal.o(i.HAL_Init) for HAL_Init
    main.o(i.main) refers to main.o(i.SystemClock_Config) for SystemClock_Config
    main.o(i.main) refers to gpio.o(i.MX_GPIO_Init) for MX_GPIO_Init
    main.o(i.main) refers to adc.o(i.MX_ADC1_Init) for MX_ADC1_Init
    main.o(i.main) refers to i2c.o(i.MX_I2C2_Init) for MX_I2C2_Init
    main.o(i.main) refers to spi.o(i.MX_SPI1_Init) for MX_SPI1_Init
    main.o(i.main) refers to tim.o(i.MX_TIM2_Init) for MX_TIM2_Init
    main.o(i.main) refers to tim.o(i.MX_TIM3_Init) for MX_TIM3_Init
    main.o(i.main) refers to tim.o(i.MX_TIM4_Init) for MX_TIM4_Init
    main.o(i.main) refers to usart.o(i.MX_USART1_UART_Init) for MX_USART1_UART_Init
    main.o(i.main) refers to usart.o(i.MX_USART2_UART_Init) for MX_USART2_UART_Init
    main.o(i.main) refers to stm32f1xx_hal_tim.o(i.HAL_TIM_Encoder_Start) for HAL_TIM_Encoder_Start
    main.o(i.main) refers to stm32f1xx_hal_tim.o(i.HAL_TIM_PWM_Start) for HAL_TIM_PWM_Start
    main.o(i.main) refers to stm32f1xx_hal_uart.o(i.HAL_UART_Receive_IT) for HAL_UART_Receive_IT
    main.o(i.main) refers to int_mpu6050.o(i.Int_MPU6050_Init) for Int_MPU6050_Init
    main.o(i.main) refers to oled.o(i.OLED_Init) for OLED_Init
    main.o(i.main) refers to oled.o(i.OLED_Clear) for OLED_Clear
    main.o(i.main) refers to oled.o(i.OLED_ShowString) for OLED_ShowString
    main.o(i.main) refers to oled.o(i.OLED_Refresh) for OLED_Refresh
    main.o(i.main) refers to app_task.o(i.App_Task_Init) for App_Task_Init
    main.o(i.main) refers to tim.o(.bss) for htim2
    main.o(i.main) refers to main.o(.data) for buff
    main.o(i.main) refers to usart.o(.bss) for huart2
    gpio.o(i.MX_GPIO_Init) refers to stm32f1xx_hal_gpio.o(i.HAL_GPIO_WritePin) for HAL_GPIO_WritePin
    gpio.o(i.MX_GPIO_Init) refers to stm32f1xx_hal_gpio.o(i.HAL_GPIO_Init) for HAL_GPIO_Init
    adc.o(i.HAL_ADC_MspDeInit) refers to stm32f1xx_hal_gpio.o(i.HAL_GPIO_DeInit) for HAL_GPIO_DeInit
    adc.o(i.HAL_ADC_MspInit) refers to stm32f1xx_hal_gpio.o(i.HAL_GPIO_Init) for HAL_GPIO_Init
    adc.o(i.MX_ADC1_Init) refers to stm32f1xx_hal_adc.o(i.HAL_ADC_Init) for HAL_ADC_Init
    adc.o(i.MX_ADC1_Init) refers to main.o(i.Error_Handler) for Error_Handler
    adc.o(i.MX_ADC1_Init) refers to stm32f1xx_hal_adc.o(i.HAL_ADC_ConfigChannel) for HAL_ADC_ConfigChannel
    adc.o(i.MX_ADC1_Init) refers to adc.o(.bss) for hadc1
    i2c.o(i.HAL_I2C_MspDeInit) refers to stm32f1xx_hal_gpio.o(i.HAL_GPIO_DeInit) for HAL_GPIO_DeInit
    i2c.o(i.HAL_I2C_MspInit) refers to stm32f1xx_hal_gpio.o(i.HAL_GPIO_Init) for HAL_GPIO_Init
    i2c.o(i.MX_I2C2_Init) refers to stm32f1xx_hal_i2c.o(i.HAL_I2C_Init) for HAL_I2C_Init
    i2c.o(i.MX_I2C2_Init) refers to main.o(i.Error_Handler) for Error_Handler
[...]
    i.UART_Start_Receive_IT                  0x08005708   Section        0  stm32f1xx_hal_uart.o(i.UART_Start_Receive_IT)
    i.UART_Transmit_IT                       0x08005748   Section        0  stm32f1xx_hal_uart.o(i.UART_Transmit_IT)
    UART_Transmit_IT                         0x08005749   Thumb Code    96  stm32f1xx_hal_uart.o(i.UART_Transmit_IT)
    i.USART1_IRQHandler                      0x080057a8   Section        0  stm32f1xx_it.o(i.USART1_IRQHandler)
    i.USART2_IRQHandler                      0x080057b8   Section        0  stm32f1xx_it.o(i.USART2_IRQHandler)
    i.UsageFault_Handler                     0x080057c8   Section        0  stm32f1xx_it.o(i.UsageFault_Handler)
    i.__0sprintf                             0x080057cc   Section        0  printfa.o(i.__0sprintf)
    i.__ARM_fpclassify                       0x080057f4   Section        0  fpclassify.o(i.__ARM_fpclassify)
    i.__NVIC_GetPriorityGrouping             0x0800581c   Section        0  stm32f1xx_hal_cortex.o(i.__NVIC_GetPriorityGrouping)
    __NVIC_GetPriorityGrouping               0x0800581d   Thumb Code    10  stm32f1xx_hal_cortex.o(i.__NVIC_GetPriorityGrouping)
    i.__NVIC_SetPriority                     0x0800582c   Section        0  stm32f1xx_hal_cortex.o(i.__NVIC_SetPriority)
    __NVIC_SetPriority                       0x0800582d   Thumb Code    32  stm32f1xx_hal_cortex.o(i.__NVIC_SetPriority)
    i.__kernel_poly                          0x08005854   Section        0  poly.o(i.__kernel_poly)
    i.__mathlib_dbl_infnan                   0x080058fe   Section        0  dunder.o(i.__mathlib_dbl_infnan)
    i.__mathlib_dbl_infnan2                  0x08005904   Section        0  dunder.o(i.__mathlib_dbl_infnan2)
    i.__mathlib_dbl_underflow                0x08005908   Section        0  dunder.o(i.__mathlib_dbl_underflow)
    i.__scatterload_copy                     0x08005918   Section       14  handlers.o(i.__scatterload_copy)
    i.__scatterload_null                     0x08005926   Section        2  handlers.o(i.__scatterload_null)
    i.__scatterload_zeroinit                 0x08005928   Section       14  handlers.o(i.__scatterload_zeroinit)
    i.__set_errno                            0x08005938   Section        0  errno.o(i.__set_errno)
    i._fp_digits                             0x08005944   Section        0  printfa.o(i._fp_digits)
    _fp_digits                               0x08005945   Thumb Code   366  printfa.o(i._fp_digits)
    i._printf_core                           0x08005ac8   Section        0  printfa.o(i._printf_core)
    _printf_core                             0x08005ac9   Thumb Code  1704  printfa.o(i._printf_core)
    i._printf_post_padding                   0x0800617c   Section        0  printfa.o(i._printf_post_padding)
    _printf_post_padding                     0x0800617d   Thumb Code    36  printfa.o(i._printf_post_padding)
    i._printf_pre_padding                    0x080061a0   Section        0  printfa.o(i._printf_pre_padding)
    _printf_pre_padding                      0x080061a1   Thumb Code    46  printfa.o(i._printf_pre_padding)
    i._sputc                                 0x080061ce   Section        0  printfa.o(i._sputc)
    _sputc                                   0x080061cf   Thumb Code    10  printfa.o(i._sputc)
    i.atan                                   0x080061d8   Section        0  atan.o(i.atan)
    i.atan2                                  0x080063f8   Section        0  atan2.o(i.atan2)
    i.main                                   0x08006594   Section        0  main.o(i.main)
    i.prvAddCurrentTaskToDelayedList         0x08006688   Section        0  tasks.o(i.prvAddCurrentTaskToDelayedList)
    prvAddCurrentTaskToDelayedList           0x08006689   Thumb Code   164  tasks.o(i.prvAddCurrentTaskToDelayedList)
    i.prvAddNewTaskToReadyList               0x08006748   Section        0  tasks.o(i.prvAddNewTaskToReadyList)
    prvAddNewTaskToReadyList                 0x08006749   Thumb Code   200  tasks.o(i.prvAddNewTaskToReadyList)
    i.prvCheckTasksWaitingTermination        0x0800682c   Section        0  tasks.o(i.prvCheckTasksWaitingTermination)
    prvCheckTasksWaitingTermination          0x0800682d   Thumb Code    60  tasks.o(i.prvCheckTasksWaitingTermination)
    i.prvDeleteTCB                           0x08006874   Section        0  tasks.o(i.prvDeleteTCB)
    prvDeleteTCB                             0x08006875   Thumb Code    18  tasks.o(i.prvDeleteTCB)
    i.prvHeapInit                            0x08006888   Section        0  heap_4.o(i.prvHeapInit)
    prvHeapInit                              0x08006889   Thumb Code    90  heap_4.o(i.prvHeapInit)
    i.prvIdleTask                            0x080068f8   Section        0  tasks.o(i.prvIdleTask)
    prvIdleTask                              0x080068f9   Thumb Code    32  tasks.o(i.prvIdleTask)
    i.prvInitialiseNewTask                   0x08006920   Section        0  tasks.o(i.prvInitialiseNewTask)
    prvInitialiseNewTask                     0x08006921   Thumb Code   122  tasks.o(i.prvInitialiseNewTask)
    i.prvInitialiseTaskLists                 0x0800699c   Section        0  tasks.o(i.prvInitialiseTaskLists)
    prvInitialiseTaskLists                   0x0800699d   Thumb Code    70  tasks.o(i.prvInitialiseTaskLists)
    i.prvInsertBlockIntoFreeList             0x08006a04   Section        0  heap_4.o(i.prvInsertBlockIntoFreeList)
    prvInsertBlockIntoFreeList               0x08006a05   Thumb Code    96  heap_4.o(i.prvInsertBlockIntoFreeList)
    i.prvResetNextTaskUnblockTime            0x08006a6c   Section        0  tasks.o(i.prvResetNextTaskUnblockTime)
    prvResetNextTaskUnblockTime              0x08006a6d   Thumb Code    40  tasks.o(i.prvResetNextTaskUnblockTime)
    i.prvTaskExitError                       0x08006a9c   Section        0  port.o(i.prvTaskExitError)
    prvTaskExitError                         0x08006a9d   Thumb Code    22  port.o(i.prvTaskExitError)
    i.pvPortMalloc                           0x08006ab4   Section        0  heap_4.o(i.pvPortMalloc)
    i.pxPortInitialiseStack                  0x08006b98   Section        0  port.o(i.pxPortInitialiseStack)
    i.ulTaskGenericNotifyTake                0x08006bbc   Section        0  tasks.o(i.ulTaskGenericNotifyTake)
    i.uxListRemove                           0x08006c44   Section        0  list.o(i.uxListRemove)
    i.vListInitialise                        0x08006c6c   Section        0  list.o(i.vListInitialise)
    i.vListInitialiseItem                    0x08006c86   Section        0  list.o(i.vListInitialiseItem)
    i.vListInsert                            0x08006c8c   Section        0  list.o(i.vListInsert)
    i.vListInsertEnd                         0x08006cc0   Section        0  list.o(i.vListInsertEnd)
    i.vPortEnterCritical                     0x08006cd8   Section        0  port.o(i.vPortEnterCritical)
    i.vPortExitCritical                      0x08006cfc   Section        0  port.o(i.vPortExitCritical)
    i.vPortFree                              0x08006d1c   Section        0  heap_4.o(i.vPortFree)
    i.vPortSetupTimerInterrupt               0x08006d68   Section        0  port.o(i.vPortSetupTimerInterrupt)
    i.vTaskDelete                            0x08006d80   Section        0  tasks.o(i.vTaskDelete)
    i.vTaskStartScheduler                    0x08006e54   Section        0  tasks.o(i.vTaskStartScheduler)
    i.vTaskSuspendAll                        0x08006ec0   Section        0  tasks.o(i.vTaskSuspendAll)
    i.vTaskSwitchContext                     0x08006ed0   Section        0  tasks.o(i.vTaskSwitchContext)
    i.xPortStartScheduler                    0x08006f30   Section        0  port.o(i.xPortStartScheduler)
    i.xPortSysTickHandler                    0x08006f64   Section        0  port.o(i.xPortSysTickHandler)
    i.xTaskCreate                            0x08006f98   Section        0  tasks.o(i.xTaskCreate)
    i.xTaskDelayUntil                        0x08007000   Section        0  tasks.o(i.xTaskDelayUntil)
    i.xTaskGenericNotify                     0x08007074   Section        0  tasks.o(i.xTaskGenericNotify)
    i.xTaskGetSchedulerState                 0x080071c0   Section        0  tasks.o(i.xTaskGetSchedulerState)
    i.xTaskGetTickCount                      0x080071e0   Section        0  tasks.o(i.xTaskGetTickCount)
    i.xTaskIncrementTick                     0x080071ec   Section        0  tasks.o(i.xTaskIncrementTick)
    i.xTaskResumeAll                         0x0800737c   Section        0  tasks.o(i.xTaskResumeAll)
    .constdata                               0x080074d8   Section       18  stm32f1xx_hal_rcc.o(.constdata)
    aPLLMULFactorTable                       0x080074d8   Data          16  stm32f1xx_hal_rcc.o(.constdata)
    aPredivFactorTable                       0x080074e8   Data           2  stm32f1xx_hal_rcc.o(.constdata)
    .constdata                               0x080074ea   Section       24  system_stm32f1xx.o(.constdata)
    .constdata                               0x08007502   Section     7696  oled.o(.constdata)
    .constdata                               0x08009318   Section      152  atan.o(.constdata)
    atanhi                                   0x08009318   Data          32  atan.o(.constdata)
    atanlo                                   0x08009338   Data          32  atan.o(.constdata)
    aTodd                                    0x08009358   Data          40  atan.o(.constdata)
    aTeven                                   0x08009380   Data          48  atan.o(.constdata)
    .constdata                               0x080093b0   Section        8  qnan.o(.constdata)
    .data                                    0x20000000   Section        1  main.o(.data)
    .data                                    0x20000004   Section        9  stm32f1xx_hal.o(.data)
    .data                                    0x20000010   Section        4  system_stm32f1xx.o(.data)
    .data                                    0x20000014   Section       84  com_filter.o(.data)
    .data                                    0x20000068   Section        8  com_pid.o(.data)
    least_velocity                           0x20000068   Data           4  com_pid.o(.data)
    last_velocity                            0x2000006c   Data           4  com_pid.o(.data)
    .data                                    0x20000070   Section       64  tasks.o(.data)
    pxDelayedTaskList                        0x20000074   Data           4  tasks.o(.data)
    pxOverflowDelayedTaskList                0x20000078   Data           4  tasks.o(.data)
    uxDeletedTasksWaitingCleanUp             0x2000007c   Data           4  tasks.o(.data)
    uxCurrentNumberOfTasks                   0x20000080   Data           4  tasks.o(.data)
    xTickCount                               0x20000084   Data           4  tasks.o(.data)
    uxTopReadyPriority                       0x20000088   Data           4  tasks.o(.data)
    xSchedulerRunning                        0x2000008c   Data           4  tasks.o(.data)
    xPendedTicks                             0x20000090   Data           4  tasks.o(.data)
    xYieldPending                            0x20000094   Data           4  tasks.o(.data)
    xNumOfOverflows                          0x20000098   Data           4  tasks.o(.data)
    uxTaskNumber                             0x2000009c   Data           4  tasks.o(.data)
    xNextTaskUnblockTime                     0x200000a0   Data           4  tasks.o(.data)
    xIdleTaskHandle                          0x200000a4   Data           4  tasks.o(.data)
    uxSchedulerSuspended                     0x200000ac   Data           4  tasks.o(.data)
    .data                                    0x200000b0   Section       28  heap_4.o(.data)
    xStart                                   0x200000b0   Data           8  heap_4.o(.data)
    pxEnd                                    0x200000b8   Data           4  heap_4.o(.data)
    xFreeBytesRemaining                      0x200000bc   Data           4  heap_4.o(.data)
    xMinimumEverFreeBytesRemaining           0x200000c0   Data           4  heap_4.o(.data)
    xNumberOfSuccessfulAllocations           0x200000c4   Data           4  heap_4.o(.data)
    xNumberOfSuccessfulFrees                 0x200000c8   Data           4  heap_4.o(.data)
    .data                                    0x200000cc   Section        4  port.o(.data)
    uxCriticalNesting                        0x200000cc   Data           4  port.o(.data)
    .data                                    0x200000d0   Section       92  app_car.o(.data)
    .data                                    0x2000012c   Section       16  app_task.o(.data)
    .data                                    0x2000013c   Section        4  errno.o(.data)
    _errno                                   0x2000013c   Data           4  errno.o(.data)
    .bss                                     0x20000140   Section       48  adc.o(.bss)
    .bss                                     0x20000170   Section       84  i2c.o(.bss)
    .bss                                     0x200001c4   Section       88  spi.o(.bss)
    .bss                                     0x2000021c   Section      216  tim.o(.bss)
    .bss                                     0x200002f4   Section      144  usart.o(.bss)
    .bss                                     0x20000384   Section       72  stm32f1xx_hal_timebase_tim.o(.bss)
    .bss                                     0x200003cc   Section     1152  oled.o(.bss)
    .bss                                     0x2000084c   Section       16  com_filter.o(.bss)
    .bss                                     0x2000085c   Section      740  tasks.o(.bss)
    pxReadyTasksLists                        0x2000085c   Data         640  tasks.o(.bss)
    xDelayedTaskList1                        0x20000adc   Data          20  tasks.o(.bss)
    xDelayedTaskList2                        0x20000af0   Data          20  tasks.o(.bss)
    xPendingReadyList                        0x20000b04   Data          20  tasks.o(.bss)
    xTasksWaitingTermination                 0x20000b18   Data          20  tasks.o(.bss)
    xSuspendedTaskList                       0x20000b2c   Data          20  tasks.o(.bss)
    .bss                                     0x20000b40   Section    15360  heap_4.o(.bss)
    ucHeap                                   0x20000b40   Data       15360  heap_4.o(.bss)
    STACK                                    0x20004740   Section     1024  startup_stm32f103xb.o(STACK)

    Global Symbols

    Symbol Name                              Value     Ov Type        Size  Object(Section)

    BuildAttributes$$THM_ISAv4$P$D$K$B$S$PE$A:L22UL41UL21$X:L11$S22US41US21$IEEE1$IW$USESV6$~STKCKD$USESV7$~SHL$OTIME$ROPI$IEEEX$EBA8$MICROLIB$REQ8$PRES8$EABIv2 0x00000000   Number         0  anon$$obj.o ABSOLUTE
    __ARM_use_no_argv                        0x00000000   Number         0  main.o ABSOLUTE
    _printf_a                                0x00000000   Number         0  stubs.o ABSOLUTE
    _printf_c                                0x00000000   Number         0  stubs.o ABSOLUTE
    _printf_charcount                        0x00000000   Number         0  stubs.o ABSOLUTE
    _printf_d                                0x00000000   Number         0  stubs.o ABSOLUTE
    _printf_e                                0x00000000   Number         0  stubs.o ABSOLUTE
    _printf_f                                0x00000000   Number         0  stubs.o ABSOLUTE
    _printf_flags                            0x00000000   Number         0  stubs.o ABSOLUTE
    _printf_fp_dec                           0x00000000   Number         0  stubs.o ABSOLUTE
    _printf_fp_hex                           0x00000000   Number         0  stubs.o ABSOLUTE
    _printf_g                                0x00000000   Number         0  stubs.o ABSOLUTE
    _printf_i                                0x00000000   Number         0  stubs.o ABSOLUTE
    _printf_int_dec                          0x00000000   Number         0  stubs.o ABSOLUTE
    _printf_l                                0x00000000   Number         0  stubs.o ABSOLUTE
    _printf_lc                               0x00000000   Number         0  stubs.o ABSOLUTE
    _printf_ll                               0x00000000   Number         0  stubs.o ABSOLUTE
    _printf_lld                              0x00000000   Number         0  stubs.o ABSOLUTE
    _printf_lli                              0x00000000   Number         0  stubs.o ABSOLUTE
    _printf_llo                              0x00000000   Number         0  stubs.o ABSOLUTE
    _printf_llu                              0x00000000   Number         0  stubs.o ABSOLUTE
    _printf_llx                              0x00000000   Number         0  stubs.o ABSOLUTE
    _printf_longlong_dec                     0x00000000   Number         0  stubs.o ABSOLUTE
    _printf_longlong_hex                     0x00000000   Number         0  stubs.o ABSOLUTE
    _printf_longlong_oct                     0x00000000   Number         0  stubs.o ABSOLUTE
    _printf_ls                               0x00000000   Number         0  stubs.o ABSOLUTE
    _printf_mbtowc                           0x00000000   Number         0  stubs.o ABSOLUTE
    _printf_n                                0x00000000   Number         0  stubs.o ABSOLUTE
    _printf_o                                0x00000000   Number         0  stubs.o ABSOLUTE
    _printf_p                                0x00000000   Number         0  stubs.o ABSOLUTE
    _printf_percent                          0x00000000   Number         0  stubs.o ABSOLUTE
    _printf_pre_padding                      0x00000000   Number         0  stubs.o ABSOLUTE
    _printf_return_value                     0x00000000   Number         0  stubs.o ABSOLUTE
    _printf_s                                0x00000000   Number         0  stubs.o ABSOLUTE
    _printf_sizespec                         0x00000000   Number         0  stubs.o ABSOLUTE
    _printf_str                              0x00000000   Number         0  stubs.o ABSOLUTE
    _printf_truncate_signed                  0x00000000   Number         0  stubs.o ABSOLUTE
    _printf_truncate_unsigned                0x00000000   Number         0  stubs.o ABSOLUTE
    _printf_u                                0x00000000   Number         0  stubs.o ABSOLUTE
    _printf_wc                               0x00000000   Number         0  stubs.o ABSOLUTE
    _printf_wctomb                           0x00000000   Number         0  stubs.o ABSOLUTE
    _printf_widthprec                        0x00000000   Number         0  stubs.o ABSOLUTE
    _printf_x                                0x00000000   Number         0  stubs.o ABSOLUTE
    __arm_fini_                               - Undefined Weak Reference
    __cpp_initialize__aeabi_                  - Undefined Weak Reference
    __cxa_finalize                            - Undefined Weak Reference
    _clock_init                               - Undefined Weak Reference
    _microlib_exit                            - Undefined Weak Reference
    __Vectors_Size                           0x000000ec   Number         0  startup_stm32f103xb.o ABSOLUTE
    __Vectors                                0x08000000   Data           4  startup_stm32f103xb.o(RESET)
    __Vectors_End                            0x080000ec   Data           0  startup_stm32f103xb.o(RESET)
    __main                                   0x080000ed   Thumb Code     0  entry.o(.ARM.Collect$$$$00000000)
    _main_stk                                0x080000ed   Thumb Code     0  entry2.o(.ARM.Collect$$$$00000001)
    _main_scatterload                        0x080000f1   Thumb Code     0  entry5.o(.ARM.Collect$$$$00000004)
    __main_after_scatterload                 0x080000f5   Thumb Code     0  entry5.o(.ARM.Collect$$$$00000004)
    _main_clock                              0x080000f5   Thumb Code     0  entry7b.o(.ARM.Collect$$$$00000008)
    _main_cpp_init                           0x080000f5   Thumb Code     0  entry8b.o(.ARM.Collect$$$$0000000A)
    _main_init                               0x080000f5   Thumb Code     0  entry9a.o(.ARM.Collect$$$$0000000B)
    __rt_lib_shutdown_fini                   0x080000fd   Thumb Code     0  entry12b.o(.ARM.Collect$$$$0000000E)
    __rt_final_cpp                           0x08000101   Thumb Code     0  entry10a.o(.ARM.Collect$$$$0000000F)
    __rt_final_exit                          0x08000101   Thumb Code     0  entry11a.o(.ARM.Collect$$$$00000011)
    SVC_Handler                              0x08000105   Thumb Code    32  port.o(.emb_text)
    __asm___6_port_c_39a90d8d__prvStartFirstTask 0x08000129   Thumb Code    28  port.o(.emb_text)
    PendSV_Handler                           0x08000149   Thumb Code    72  port.o(.emb_text)
    vPortGetIPSR                             0x08000195   Thumb Code     6  port.o(.emb_text)
    Reset_Handler                            0x0800019d   Thumb Code     8  startup_stm32f103xb.o(.text)
    ADC1_2_IRQHandler                        0x080001b7   Thumb Code     0  startup_stm32f103xb.o(.text)
    CAN1_RX1_IRQHandler                      0x080001b7   Thumb Code     0  startup_stm32f103xb.o(.text)
    CAN1_SCE_IRQHandler                      0x080001b7   Thumb Code     0  startup_stm32f103xb.o(.text)
    DMA1_Channel1_IRQHandler                 0x080001b7   Thumb Code     0  startup_stm32f103xb.o(.text)
    DMA1_Channel2_IRQHandler                 0x080001b7   Thumb Code     0  startup_stm32f103xb.o(.text)
    DMA1_Channel3_IRQHandler                 0x080001b7   Thumb Code     0  startup_stm32f103xb.o(.text)
    DMA1_Channel4_IRQHandler                 0x080001b7   Thumb Code     0  startup_stm32f103xb.o(.text)
    DMA1_Channel5_IRQHandler                 0x080001b7   Thumb Code     0  startup_stm32f103xb.o(.text)
    DMA1_Channel6_IRQHandler                 0x080001b7   Thumb Code     0  startup_stm32f103xb.o(.text)
    DMA1_Channel7_IRQHandler                 0x080001b7   Thumb Code     0  startup_stm32f103xb.o(.text)
    EXTI0_IRQHandler                         0x080001b7   Thumb Code     0  startup_stm32f103xb.o(.text)
    EXTI15_10_IRQHandler                     0x080001b7   Thumb Code     0  startup_stm32f103xb.o(.text)
    EXTI1_IRQHandler                         0x080001b7   Thumb Code     0  startup_stm32f103xb.o(.text)
    EXTI2_IRQHandler                         0x080001b7   Thumb Code     0  startup_stm32f103xb.o(.text)
    EXTI3_IRQHandler                         0x080001b7   Thumb Code     0  startup_stm32f103xb.o(.text)
    EXTI4_IRQHandler                         0x080001b7   Thumb Code     0  startup_stm32f103xb.o(.text)
    EXTI9_5_IRQHandler                       0x080001b7   Thumb Code     0  startup_stm32f103xb.o(.text)
    FLASH_IRQHandler                         0x080001b7   Thumb Code     0  startup_stm32f103xb.o(.text)
    I2C1_ER_IRQHandler                       0x080001b7   Thumb Code     0  startup_stm32f103xb.o(.text)
    I2C1_EV_IRQHandler                       0x080001b7   Thumb Code     0  startup_stm32f103xb.o(.text)
    I2C2_ER_IRQHandler                       0x080001b7   Thumb Code     0  startup_stm32f103xb.o(.text)
    I2C2_EV_IRQHandler                       0x080001b7   Thumb Code     0  startup_stm32f103xb.o(.text)
    PVD_IRQHandler                           0x080001b7   Thumb Code     0  startup_stm32f103xb.o(.text)
    RCC_IRQHandler                           0x080001b7   Thumb Code     0  startup_stm32f103xb.o(.text)
    RTC_Alarm_IRQHandler                     0x080001b7   Thumb Code     0  startup_stm32f103xb.o(.text)
    RTC_IRQHandler                           0x080001b7   Thumb Code     0  startup_stm32f103xb.o(.text)
    SPI1_IRQHandler                          0x080001b7   Thumb Code     0  startup_stm32f103xb.o(.text)
    SPI2_IRQHandler                          0x080001b7   Thumb Code     0  startup_stm32f103xb.o(.text)
    TAMPER_IRQHandler                        0x080001b7   Thumb Code     0  startup_stm32f103xb.o(.text)
    TIM1_BRK_IRQHandler                      0x080001b7   Thumb Code     0  startup_stm32f103xb.o(.text)
    TIM1_CC_IRQHandler                       0x080001b7   Thumb Code     0  startup_stm32f103xb.o(.text)
    TIM1_TRG_COM_IRQHandler                  0x080001b7   Thumb Code     0  startup_stm32f103xb.o(.text)
    TIM2_IRQHandler                          0x080001b7   Thumb Code     0  startup_stm32f103xb.o(.text)
    TIM3_IRQHandler                          0x080001b7   Thumb Code     0  startup_stm32f103xb.o(.text)
    TIM4_IRQHandler                          0x080001b7   Thumb Code     0  startup_stm32f103xb.o(.text)
    USART3_IRQHandler                        0x080001b7   Thumb Code     0  startup_stm32f103xb.o(.text)
    USBWakeUp_IRQHandler                     0x080001b7   Thumb Code     0  startup_stm32f103xb.o(.text)
    USB_HP_CAN1_TX_IRQHandler                0x080001b7   Thumb Code     0  startup_stm32f103xb.o(.text)
    USB_LP_CAN1_RX0_IRQHandler               0x080001b7   Thumb Code     0  startup_stm32f103xb.o(.text)
    WWDG_IRQHandler                          0x080001b7   Thumb Code     0  startup_stm32f103xb.o(.text)
    __aeabi_llsr                             0x080001c1   Thumb Code    32  llushr.o(.text)
    _ll_ushift_r                             0x080001c1   Thumb Code     0  llushr.o(.text)
    __aeabi_memset                           0x080001e1   Thumb Code    14  memseta.o(.text)
    __aeabi_memset4                          0x080001e1   Thumb Code     0  memseta.o(.text)
    __aeabi_memset8                          0x080001e1   Thumb Code     0  memseta.o(.text)
    __aeabi_memclr                           0x080001ef   Thumb Code     4  memseta.o(.text)
    __aeabi_memclr4                          0x080001ef   Thumb Code     0  memseta.o(.text)
    __aeabi_memclr8                          0x080001ef   Thumb Code     0  memseta.o(.text)
    _memset$wrapper                          0x080001f3   Thumb Code    18  memseta.o(.text)
    __aeabi_fadd                             0x08000205   Thumb Code   164  fadd.o(.text)
    __aeabi_fsub                             0x080002a9   Thumb Code     6  fadd.o(.text)
    __aeabi_frsub                            0x080002af   Thumb Code     6  fadd.o(.text)
    __aeabi_fmul                             0x080002b5   Thumb Code   100  fmul.o(.text)
    __aeabi_fdiv                             0x08000319   Thumb Code   124  fdiv.o(.text)
    __aeabi_dadd                             0x08000395   Thumb Code   322  dadd.o(.text)
    __aeabi_dsub                             0x080004d7   Thumb Code     6  dadd.o(.text)
    __aeabi_drsub                            0x080004dd   Thumb Code     6  dadd.o(.text)
    __aeabi_dmul                             0x080004e3   Thumb Code   228  dmul.o(.text)
    __aeabi_ddiv                             0x080005c7   Thumb Code   222  ddiv.o(.text)
    __aeabi_i2f                              0x080006a5   Thumb Code    18  fflti.o(.text)
    __aeabi_ui2f                             0x080006b7   Thumb Code    10  ffltui.o(.text)
    __aeabi_i2d                              0x080006c1   Thumb Code    34  dflti.o(.text)
    __aeabi_ui2d                             0x080006e3   Thumb Code    26  dfltui.o(.text)
    __aeabi_f2iz                             0x080006fd   Thumb Code    50  ffixi.o(.text)
    __aeabi_d2iz                             0x0800072f   Thumb Code    62  dfixi.o(.text)
    __aeabi_f2d                              0x0800076d   Thumb Code    38  f2d.o(.text)
    __aeabi_d2f                              0x08000793   Thumb Code    56  d2f.o(.text)
    __aeabi_uidiv                            0x080007cb   Thumb Code     0  uidiv.o(.text)
    __aeabi_uidivmod                         0x080007cb   Thumb Code    44  uidiv.o(.text)
    __aeabi_uldivmod                         0x080007f7   Thumb Code    98  uldiv.o(.text)
    __aeabi_llsl                             0x08000859   Thumb Code    30  llshl.o(.text)
    _ll_shift_l                              0x08000859   Thumb Code     0  llshl.o(.text)
    __aeabi_lasr                             0x08000877   Thumb Code    36  llsshr.o(.text)
    _ll_sshift_r                             0x08000877   Thumb Code     0  llsshr.o(.text)
    __I$use$fp                               0x0800089b   Thumb Code     0  iusefp.o(.text)
    _float_round                             0x0800089b   Thumb Code    18  fepilogue.o(.text)
    _float_epilogue                          0x080008ad   Thumb Code    92  fepilogue.o(.text)
    _double_round                            0x08000909   Thumb Code    30  depilogue.o(.text)
    _double_epilogue                         0x08000927   Thumb Code   156  depilogue.o(.text)
    __aeabi_d2ulz                            0x080009c3   Thumb Code    48  dfixul.o(.text)
    __aeabi_cdcmpeq                          0x080009f5   Thumb Code     0  cdcmple.o(.text)
    __aeabi_cdcmple                          0x080009f5   Thumb Code    48  cdcmple.o(.text)
    __aeabi_cdrcmple                         0x08000a25   Thumb Code    48  cdrcmple.o(.text)
    __scatterload                            0x08000a55   Thumb Code    28  init.o(.text)
    __scatterload_rt2                        0x08000a55   Thumb Code     0  init.o(.text)
    __ARM_scalbn                             0x08000a79   Thumb Code    46  dscalb.o(.text)
    scalbn                                   0x08000a79   Thumb Code     0  dscalb.o(.text)
    __decompress                             0x08000aa7   Thumb Code     0  __dczerorl.o(.text)
    __decompress0                            0x08000aa7   Thumb Code    58  __dczerorl.o(.text)
    ADC_ConversionStop_Disable               0x08000ae1   Thumb Code    92  stm32f1xx_hal_adc.o(i.ADC_ConversionStop_Disable)
    ADC_Enable                               0x08000b3d   Thumb Code   134  stm32f1xx_hal_adc.o(i.ADC_Enable)
    App_Car_Display                          0x08000bcd   Thumb Code   190  app_car.o(i.App_Car_Display)
    App_Car_GetAngle                         0x08000ccd   Thumb Code   162  app_car.o(i.App_Car_GetAngle)
    App_Car_PID                              0x08000da9   Thumb Code   236  app_car.o(i.App_Car_PID)
    App_Task_Display                         0x08000edd   Thumb Code    28  app_task.o(i.App_Task_Display)
    App_Task_GetData                         0x08000ef9   Thumb Code    46  app_task.o(i.App_Task_GetData)
    App_Task_Init                            0x08000f2d   Thumb Code    28  app_task.o(i.App_Task_Init)
    App_Task_PID                             0x08000f61   Thumb Code    20  app_task.o(i.App_Task_PID)
    App_Task_Start                           0x08000f75   Thumb Code    80  app_task.o(i.App_Task_Start)
    BusFault_Handler                         0x08001015   Thumb Code     4  stm32f1xx_it.o(i.BusFault_Handler)
    Com_Filter_Kalman                        0x08001019   Thumb Code   558  com_filter.o(i.Com_Filter_Kalman)
    Com_PID_Balance                          0x08001291   Thumb Code    72  com_pid.o(i.Com_PID_Balance)
    Com_PID_Turn                             0x080012d9   Thumb Code    32  com_pid.o(i.Com_PID_Turn)
    Com_PID_Velocity                         0x080012f9   Thumb Code   192  com_pid.o(i.Com_PID_Velocity)
    DebugMon_Handler                         0x080013d1   Thumb Code     2  stm32f1xx_it.o(i.DebugMon_Handler)
    Error_Handler                            0x080013d3   Thumb Code     6  main.o(i.Error_Handler)
    HAL_ADC_ConfigChannel                    0x080013d9   Thumb Code   338  stm32f1xx_hal_adc.o(i.HAL_ADC_ConfigChannel)
    HAL_ADC_GetValue                         0x08001539   Thumb Code     8  stm32f1xx_hal_adc.o(i.HAL_ADC_GetValue)
    HAL_ADC_Init                             0x08001541   Thumb Code   314  stm32f1xx_hal_adc.o(i.HAL_ADC_Init)
    HAL_ADC_MspInit                          0x08001685   Thumb Code    98  adc.o(i.HAL_ADC_MspInit)
    HAL_ADC_Start                            0x080016f5   Thumb Code   294  stm32f1xx_hal_adc.o(i.HAL_ADC_Start)
    HAL_DMA_Abort                            0x08001825   Thumb Code    86  stm32f1xx_hal_dma.o(i.HAL_DMA_Abort)
    HAL_DMA_Abort_IT                         0x0800187d   Thumb Code   172  stm32f1xx_hal_dma.o(i.HAL_DMA_Abort_IT)
    HAL_Delay                                0x0800192d   Thumb Code    36  stm32f1xx_hal.o(i.HAL_Delay)
    HAL_GPIO_Init                            0x08001955   Thumb Code   766  stm32f1xx_hal_gpio.o(i.HAL_GPIO_Init)
    HAL_GPIO_WritePin                        0x08001c75   Thumb Code    12  stm32f1xx_hal_gpio.o(i.HAL_GPIO_WritePin)
    HAL_GetTick                              0x08001c81   Thumb Code     6  stm32f1xx_hal.o(i.HAL_GetTick)
    HAL_I2C_Init                             0x08001c8d   Thumb Code   446  stm32f1xx_hal_i2c.o(i.HAL_I2C_Init)
    HAL_I2C_Mem_Read                         0x08001e5d   Thumb Code   850  stm32f1xx_hal_i2c.o(i.HAL_I2C_Mem_Read)
    HAL_I2C_Mem_Write                        0x080021c1   Thumb Code   348  stm32f1xx_hal_i2c.o(i.HAL_I2C_Mem_Write)
    HAL_I2C_MspInit                          0x08002325   Thumb Code   106  i2c.o(i.HAL_I2C_MspInit)
    HAL_IncTick                              0x0800239d   Thumb Code    16  stm32f1xx_hal.o(i.HAL_IncTick)
    HAL_Init                                 0x080023b5   Thumb Code    34  stm32f1xx_hal.o(i.HAL_Init)
    HAL_InitTick                             0x080023dd   Thumb Code   138  stm32f1xx_hal_timebase_tim.o(i.HAL_InitTick)
    HAL_MspInit                              0x0800247d   Thumb Code    76  stm32f1xx_hal_msp.o(i.HAL_MspInit)
    HAL_NVIC_EnableIRQ                       0x080024d1   Thumb Code    32  stm32f1xx_hal_cortex.o(i.HAL_NVIC_EnableIRQ)
    HAL_NVIC_SetPriority                     0x080024f1   Thumb Code   124  stm32f1xx_hal_cortex.o(i.HAL_NVIC_SetPriority)
    HAL_NVIC_SetPriorityGrouping             0x0800256d   Thumb Code    32  stm32f1xx_hal_cortex.o(i.HAL_NVIC_SetPriorityGrouping)
    HAL_RCCEx_PeriphCLKConfig                0x08002595   Thumb Code   290  stm32f1xx_hal_rcc_ex.o(i.HAL_RCCEx_PeriphCLKConfig)
    HAL_RCC_ClockConfig                      0x080026c5   Thumb Code   376  stm32f1xx_hal_rcc.o(i.HAL_RCC_ClockConfig)
    HAL_RCC_GetClockConfig                   0x08002851   Thumb Code    58  stm32f1xx_hal_rcc.o(i.HAL_RCC_GetClockConfig)
    HAL_RCC_GetHCLKFreq                      0x08002895   Thumb Code     6  stm32f1xx_hal_rcc.o(i.HAL_RCC_GetHCLKFreq)
    HAL_RCC_GetPCLK1Freq                     0x080028a1   Thumb Code    22  stm32f1xx_hal_rcc.o(i.HAL_RCC_GetPCLK1Freq)
    HAL_RCC_GetPCLK2Freq                     0x080028c1   Thumb Code    22  stm32f1xx_hal_rcc.o(i.HAL_RCC_GetPCLK2Freq)
    HAL_RCC_GetSysClockFreq                  0x080028e1   Thumb Code    92  stm32f1xx_hal_rcc.o(i.HAL_RCC_GetSysClockFreq)
    HAL_RCC_OscConfig                        0x08002951   Thumb Code  1114  stm32f1xx_hal_rcc.o(i.HAL_RCC_OscConfig)
    HAL_SPI_Init                             0x08002db5   Thumb Code   190  stm32f1xx_hal_spi.o(i.HAL_SPI_Init)
    HAL_SPI_MspInit                          0x08002e75   Thumb Code   102  spi.o(i.HAL_SPI_MspInit)
    HAL_SPI_Transmit                         0x08002ee9   Thumb Code   444  stm32f1xx_hal_spi.o(i.HAL_SPI_Transmit)
    HAL_TIMEx_BreakCallback                  0x080030a5   Thumb Code     2  stm32f1xx_hal_tim_ex.o(i.HAL_TIMEx_BreakCallback)
    HAL_TIMEx_CommutCallback                 0x080030a7   Thumb Code     2  stm32f1xx_hal_tim_ex.o(i.HAL_TIMEx_CommutCallback)
    HAL_TIMEx_MasterConfigSynchronization    0x080030a9   Thumb Code   118  stm32f1xx_hal_tim_ex.o(i.HAL_TIMEx_MasterConfigSynchronization)
    HAL_TIM_Base_Init                        0x0800312d   Thumb Code   102  stm32f1xx_hal_tim.o(i.HAL_TIM_Base_Init)
    HAL_TIM_Base_MspInit                     0x08003195   Thumb Code    40  tim.o(i.HAL_TIM_Base_MspInit)
    HAL_TIM_Base_Start_IT                    0x080031c5   Thumb Code   106  stm32f1xx_hal_tim.o(i.HAL_TIM_Base_Start_IT)
    HAL_TIM_ConfigClockSource                0x0800323d   Thumb Code   268  stm32f1xx_hal_tim.o(i.HAL_TIM_ConfigClockSource)
    HAL_TIM_Encoder_Init                     0x08003349   Thumb Code   196  stm32f1xx_hal_tim.o(i.HAL_TIM_Encoder_Init)
    HAL_TIM_Encoder_MspInit                  0x0800340d   Thumb Code   270  tim.o(i.HAL_TIM_Encoder_MspInit)
    HAL_TIM_Encoder_Start                    0x08003531   Thumb Code   204  stm32f1xx_hal_tim.o(i.HAL_TIM_Encoder_Start)
    HAL_TIM_IC_CaptureCallback               0x080035fd   Thumb Code     2  stm32f1xx_hal_tim.o(i.HAL_TIM_IC_CaptureCallback)
    HAL_TIM_IRQHandler                       0x080035ff   Thumb Code   406  stm32f1xx_hal_tim.o(i.HAL_TIM_IRQHandler)
    HAL_TIM_MspPostInit                      0x08003795   Thumb Code    76  tim.o(i.HAL_TIM_MspPostInit)
    HAL_TIM_OC_DelayElapsedCallback          0x080037ed   Thumb Code     2  stm32f1xx_hal_tim.o(i.HAL_TIM_OC_DelayElapsedCallback)
    HAL_TIM_PWM_ConfigChannel                0x080037ef   Thumb Code   260  stm32f1xx_hal_tim.o(i.HAL_TIM_PWM_ConfigChannel)
    HAL_TIM_PWM_Init                         0x080038f3   Thumb Code   102  stm32f1xx_hal_tim.o(i.HAL_TIM_PWM_Init)
    HAL_TIM_PWM_MspInit                      0x08003959   Thumb Code     2  stm32f1xx_hal_tim.o(i.HAL_TIM_PWM_MspInit)
    HAL_TIM_PWM_PulseFinishedCallback        0x0800395b   Thumb Code     2  stm32f1xx_hal_tim.o(i.HAL_TIM_PWM_PulseFinishedCallback)
    HAL_TIM_PWM_Start                        0x0800395d   Thumb Code   198  stm32f1xx_hal_tim.o(i.HAL_TIM_PWM_Start)
    HAL_TIM_PeriodElapsedCallback            0x08003a31   Thumb Code    18  main.o(i.HAL_TIM_PeriodElapsedCallback)
    HAL_TIM_TriggerCallback                  0x08003a49   Thumb Code     2  stm32f1xx_hal_tim.o(i.HAL_TIM_TriggerCallback)
    HAL_UARTEx_RxEventCallback               0x08003a4b   Thumb Code     2  stm32f1xx_hal_uart.o(i.HAL_UARTEx_RxEventCallback)
    HAL_UART_ErrorCallback                   0x08003a4d   Thumb Code     2  stm32f1xx_hal_uart.o(i.HAL_UART_ErrorCallback)
    HAL_UART_IRQHandler                      0x08003a51   Thumb Code   736  stm32f1xx_hal_uart.o(i.HAL_UART_IRQHandler)
    HAL_UART_Init                            0x08003d35   Thumb Code   118  stm32f1xx_hal_uart.o(i.HAL_UART_Init)
    HAL_UART_MspInit                         0x08003dad   Thumb Code   256  usart.o(i.HAL_UART_MspInit)
    HAL_UART_Receive_IT                      0x08003ebd   Thumb Code    44  stm32f1xx_hal_uart.o(i.HAL_UART_Receive_IT)
    HAL_UART_RxCpltCallback                  0x08003ee9   Thumb Code   186  app_car.o(i.HAL_UART_RxCpltCallback)
    HAL_UART_TxCpltCallback                  0x08003fc1   Thumb Code     2  stm32f1xx_hal_uart.o(i.HAL_UART_TxCpltCallback)
    HardFault_Handler                        0x08003fc3   Thumb Code     4  stm32f1xx_it.o(i.HardFault_Handler)
    Int_Encoder_ReadCounter                  0x08004555   Thumb Code    56  int_encoder.o(i.Int_Encoder_ReadCounter)
    Int_MPU6050_Get_Accel                    0x08004595   Thumb Code    68  int_mpu6050.o(i.Int_MPU6050_Get_Accel)
    Int_MPU6050_Get_Gyro                     0x080045d9   Thumb Code    68  int_mpu6050.o(i.Int_MPU6050_Get_Gyro)
    Int_MPU6050_Init                         0x0800461d   Thumb Code   110  int_mpu6050.o(i.Int_MPU6050_Init)
    Int_MPU6050_ReadByte                     0x0800468d   Thumb Code    32  int_mpu6050.o(i.Int_MPU6050_ReadByte)
    Int_MPU6050_ReadBytes                    0x080046b1   Thumb Code    32  int_mpu6050.o(i.Int_MPU6050_ReadBytes)
    Int_MPU6050_SetGyroRate                  0x080046d5   Thumb Code    52  int_mpu6050.o(i.Int_MPU6050_SetGyroRate)
    Int_MPU6050_Set_DLPF_CFG                 0x08004709   Thumb Code    68  int_mpu6050.o(i.Int_MPU6050_Set_DLPF_CFG)
    Int_MPU6050_WriteByte                    0x0800474d   Thumb Code    36  int_mpu6050.o(i.Int_MPU6050_WriteByte)
    Int_TB6612_MotorA                        0x08004775   Thumb Code    78  int_tb6612.o(i.Int_TB6612_MotorA)
    Int_TB6612_MotorB                        0x080047c9   Thumb Code    78  int_tb6612.o(i.Int_TB6612_MotorB)
    Int_TB6612_SetPWM                        0x0800481d   Thumb Code    84  int_tb6612.o(i.Int_TB6612_SetPWM)
    MX_ADC1_Init                             0x08004875   Thumb Code    80  adc.o(i.MX_ADC1_Init)
    MX_GPIO_Init                             0x080048cd   Thumb Code   196  gpio.o(i.MX_GPIO_Init)
    MX_I2C2_Init                             0x0800499d   Thumb Code    48  i2c.o(i.MX_I2C2_Init)
    MX_SPI1_Init                             0x080049d9   Thumb Code    60  spi.o(i.MX_SPI1_Init)
    MX_TIM2_Init                             0x08004a1d   Thumb Code   116  tim.o(i.MX_TIM2_Init)
    MX_TIM3_Init                             0x08004a95   Thumb Code   114  tim.o(i.MX_TIM3_Init)
    MX_TIM4_Init                             0x08004b11   Thumb Code   170  tim.o(i.MX_TIM4_Init)
    MX_USART1_UART_Init                      0x08004bc5   Thumb Code    46  usart.o(i.MX_USART1_UART_Init)
    MX_USART2_UART_Init                      0x08004bfd   Thumb Code    46  usart.o(i.MX_USART2_UART_Init)
    MemManage_Handler                        0x08004c35   Thumb Code     4  stm32f1xx_it.o(i.MemManage_Handler)
    NMI_Handler                              0x08004c39   Thumb Code     4  stm32f1xx_it.o(i.NMI_Handler)
    OLED_Clear                               0x08004c3d   Thumb Code    42  oled.o(i.OLED_Clear)
    OLED_DrawPoint                           0x08004c6d   Thumb Code   114  oled.o(i.OLED_DrawPoint)
    OLED_Init                                0x08004ce5   Thumb Code   258  oled.o(i.OLED_Init)
    OLED_Refresh                             0x08004ded   Thumb Code    70  oled.o(i.OLED_Refresh)
    OLED_ShowChar                            0x08004e39   Thumb Code   300  oled.o(i.OLED_ShowChar)
    OLED_ShowString                          0x08004f75   Thumb Code    74  oled.o(i.OLED_ShowString)
    OLED_WR_Byte                             0x08004fc1   Thumb Code    74  oled.o(i.OLED_WR_Byte)
    SysTick_Handler                          0x08005141   Thumb Code    16  stm32f1xx_it.o(i.SysTick_Handler)
    SystemClock_Config                       0x08005151   Thumb Code   132  main.o(i.SystemClock_Config)
    SystemInit                               0x080051d5   Thumb Code     2  system_stm32f1xx.o(i.SystemInit)
    TIM1_UP_IRQHandler                       0x080051d9   Thumb Code    10  stm32f1xx_it.o(i.TIM1_UP_IRQHandler)
    TIM_Base_SetConfig                       0x080051e9   Thumb Code   104  stm32f1xx_hal_tim.o(i.TIM_Base_SetConfig)
    TIM_CCxChannelCmd                        0x0800525d   Thumb Code    34  stm32f1xx_hal_tim.o(i.TIM_CCxChannelCmd)
    TIM_ETR_SetConfig                        0x0800527f   Thumb Code    22  stm32f1xx_hal_tim.o(i.TIM_ETR_SetConfig)
    TIM_OC2_SetConfig                        0x08005309   Thumb Code   100  stm32f1xx_hal_tim.o(i.TIM_OC2_SetConfig)
    UART_Start_Receive_IT                    0x08005709   Thumb Code    64  stm32f1xx_hal_uart.o(i.UART_Start_Receive_IT)
    USART1_IRQHandler                        0x080057a9   Thumb Code    10  stm32f1xx_it.o(i.USART1_IRQHandler)
    USART2_IRQHandler                        0x080057b9   Thumb Code    10  stm32f1xx_it.o(i.USART2_IRQHandler)
    UsageFault_Handler                       0x080057c9   Thumb Code     4  stm32f1xx_it.o(i.UsageFault_Handler)
    __0sprintf                               0x080057cd   Thumb Code    34  printfa.o(i.__0sprintf)
    __1sprintf                               0x080057cd   Thumb Code     0  printfa.o(i.__0sprintf)
    __2sprintf                               0x080057cd   Thumb Code     0  printfa.o(i.__0sprintf)
    __c89sprintf                             0x080057cd   Thumb Code     0  printfa.o(i.__0sprintf)
    sprintf                                  0x080057cd   Thumb Code     0  printfa.o(i.__0sprintf)
    __ARM_fpclassify                         0x080057f5   Thumb Code    40  fpclassify.o(i.__ARM_fpclassify)
    __kernel_poly                            0x08005855   Thumb Code   170  poly.o(i.__kernel_poly)
    __mathlib_dbl_infnan                     0x080058ff   Thumb Code     6  dunder.o(i.__mathlib_dbl_infnan)
    __mathlib_dbl_infnan2                    0x08005905   Thumb Code     4  dunder.o(i.__mathlib_dbl_infnan2)
    __mathlib_dbl_underflow                  0x08005909   Thumb Code    10  dunder.o(i.__mathlib_dbl_underflow)
    __scatterload_copy                       0x08005919   Thumb Code    14  handlers.o(i.__scatterload_copy)
    __scatterload_null                       0x08005927   Thumb Code     2  handlers.o(i.__scatterload_null)
    __scatterload_zeroinit                   0x08005929   Thumb Code    14  handlers.o(i.__scatterload_zeroinit)
    __set_errno                              0x08005939   Thumb Code     6  errno.o(i.__set_errno)
    atan                                     0x080061d9   Thumb Code   474  atan.o(i.atan)
    atan2                                    0x080063f9   Thumb Code   374  atan2.o(i.atan2)
    main                                     0x08006595   Thumb Code   192  main.o(i.main)
    pvPortMalloc                             0x08006ab5   Thumb Code   208  heap_4.o(i.pvPortMalloc)
    pxPortInitialiseStack                    0x08006b99   Thumb Code    30  port.o(i.pxPortInitialiseStack)
    ulTaskGenericNotifyTake                  0x08006bbd   Thumb Code   128  tasks.o(i.ulTaskGenericNotifyTake)
    uxListRemove                             0x08006c45   Thumb Code    40  list.o(i.uxListRemove)
    vListInitialise                          0x08006c6d   Thumb Code    26  list.o(i.vListInitialise)
    vListInitialiseItem                      0x08006c87   Thumb Code     6  list.o(i.vListInitialiseItem)
    vListInsert                              0x08006c8d   Thumb Code    52  list.o(i.vListInsert)
    vListInsertEnd                           0x08006cc1   Thumb Code    24  list.o(i.vListInsertEnd)
    vPortEnterCritical                       0x08006cd9   Thumb Code    30  port.o(i.vPortEnterCritical)
    vPortExitCritical                        0x08006cfd   Thumb Code    28  port.o(i.vPortExitCritical)
    vPortFree                                0x08006d1d   Thumb Code    68  heap_4.o(i.vPortFree)
    vPortSetupTimerInterrupt                 0x08006d69   Thumb Code    20  port.o(i.vPortSetupTimerInterrupt)
    vTaskDelete                              0x08006d81   Thumb Code   174  tasks.o(i.vTaskDelete)
    vTaskStartScheduler                      0x08006e55   Thumb Code    76  tasks.o(i.vTaskStartScheduler)
    vTaskSuspendAll                          0x08006ec1   Thumb Code    12  tasks.o(i.vTaskSuspendAll)
    vTaskSwitchContext                       0x08006ed1   Thumb Code    76  tasks.o(i.vTaskSwitchContext)
    xPortStartScheduler                      0x08006f31   Thumb Code    42  port.o(i.xPortStartScheduler)
    xPortSysTickHandler                      0x08006f65   Thumb Code    46  port.o(i.xPortSysTickHandler)
    xTaskCreate                              0x08006f99   Thumb Code   104  tasks.o(i.xTaskCreate)
    xTaskDelayUntil                          0x08007001   Thumb Code   108  tasks.o(i.xTaskDelayUntil)
    xTaskGenericNotify                       0x08007075   Thumb Code   314  tasks.o(i.xTaskGenericNotify)
    xTaskGetSchedulerState                   0x080071c1   Thumb Code    24  tasks.o(i.xTaskGetSchedulerState)
    xTaskGetTickCount                        0x080071e1   Thumb Code     6  tasks.o(i.xTaskGetTickCount)
    xTaskIncrementTick                       0x080071ed   Thumb Code   356  tasks.o(i.xTaskIncrementTick)
    xTaskResumeAll                           0x0800737d   Thumb Code   310  tasks.o(i.xTaskResumeAll)
    AHBPrescTable                            0x080074ea   Data          16  system_stm32f1xx.o(.constdata)
    APBPrescTable                            0x080074fa   Data           8  system_stm32f1xx.o(.constdata)
    asc2_0806                                0x08007502   Data         552  oled.o(.constdata)
    asc2_1206                                0x0800772a   Data        1140  oled.o(.constdata)
    asc2_1608                                0x08007b9e   Data        1520  oled.o(.constdata)
    asc2_2412                                0x0800818e   Data        3420  oled.o(.constdata)
    Hzk1                                     0x08008eea   Data         352  oled.o(.constdata)
    Hzk2                                     0x0800904a   Data          72  oled.o(.constdata)
    Hzk3                                     0x08009092   Data         128  oled.o(.constdata)
    Hzk4                                     0x08009112   Data         512  oled.o(.constdata)
    __mathlib_zero                           0x080093b0   Data           8  qnan.o(.constdata)
    Region$$Table$$Base                      0x080093b8   Number         0  anon$$obj.o(Region$$Table)
    Region$$Table$$Limit                     0x080093d8   Number         0  anon$$obj.o(Region$$Table)
    buff                                     0x20000000   Data           1  main.o(.data)
    uwTick                                   0x20000004   Data           4  stm32f1xx_hal.o(.data)
    uwTickPrio                               0x20000008   Data           4  stm32f1xx_hal.o(.data)
    uwTickFreq                               0x2000000c   Data           1  stm32f1xx_hal.o(.data)
    SystemCoreClock                          0x20000010   Data           4  system_stm32f1xx.o(.data)
    K1                                       0x20000014   Data           4  com_filter.o(.data)
    angle                                    0x20000018   Data           4  com_filter.o(.data)
    angle_dot                                0x2000001c   Data           4  com_filter.o(.data)
    Q_angle                                  0x20000020   Data           4  com_filter.o(.data)
    Q_gyro                                   0x20000024   Data           4  com_filter.o(.data)
    R_angle                                  0x20000028   Data           4  com_filter.o(.data)
    dt                                       0x2000002c   Data           4  com_filter.o(.data)
    C_0                                      0x20000030   Data           1  com_filter.o(.data)
    Q_bias                                   0x20000034   Data           4  com_filter.o(.data)
    Angle_err                                0x20000038   Data           4  com_filter.o(.data)
    PCt_0                                    0x2000003c   Data           4  com_filter.o(.data)
    PCt_1                                    0x20000040   Data           4  com_filter.o(.data)
    E                                        0x20000044   Data           4  com_filter.o(.data)
    K_0                                      0x20000048   Data           4  com_filter.o(.data)
    K_1                                      0x2000004c   Data           4  com_filter.o(.data)
    t_0                                      0x20000050   Data           4  com_filter.o(.data)
    t_1                                      0x20000054   Data           4  com_filter.o(.data)
    PP                                       0x20000058   Data          16  com_filter.o(.data)
    pxCurrentTCB                             0x20000070   Data           4  tasks.o(.data)
    uxTopUsedPriority                        0x200000a8   Data           4  tasks.o(.data)
    gx                                       0x200000d0   Data           2  app_car.o(.data)
    gy                                       0x200000d2   Data           2  app_car.o(.data)
    gz                                       0x200000d4   Data           2  app_car.o(.data)
    ax                                       0x200000d6   Data           2  app_car.o(.data)
    ay                                       0x200000d8   Data           2  app_car.o(.data)
    az                                       0x200000da   Data           2  app_car.o(.data)
    accel_angle                              0x200000dc   Data           4  app_car.o(.data)
    gyro_y                                   0x200000e0   Data           4  app_car.o(.data)
    ea                                       0x200000e4   Data           4  app_car.o(.data)
    eb                                       0x200000e8   Data           4  app_car.o(.data)
    bat_str                                  0x200000ec   Data           5  app_car.o(.data)
    ea_str                                   0x200000f1   Data           7  app_car.o(.data)
    eb_str                                   0x200000f8   Data           7  app_car.o(.data)
    angle_str                                0x200000ff   Data           7  app_car.o(.data)
    balance_kp                               0x20000108   Data           4  app_car.o(.data)
    balance_kd                               0x2000010c   Data           4  app_car.o(.data)
    balance_angle                            0x20000110   Data           4  app_car.o(.data)
    velocity_kp                              0x20000114   Data           4  app_car.o(.data)
    velocity_ki                              0x20000118   Data           4  app_car.o(.data)
    turn_kp                                  0x2000011c   Data           4  app_car.o(.data)
    flag_up                                  0x20000120   Data           1  app_car.o(.data)
    flag_down                                0x20000121   Data           1  app_car.o(.data)
    flag_left                                0x20000122   Data           1  app_car.o(.data)
    flag_right                               0x20000123   Data           1  app_car.o(.data)
    remote_move                              0x20000124   Data           4  app_car.o(.data)
    remote_turn                              0x20000128   Data           4  app_car.o(.data)
    start_task_handle                        0x2000012c   Data           4  app_task.o(.data)
    data_task_handle                         0x20000130   Data           4  app_task.o(.data)
    pid_task_handle                          0x20000134   Data           4  app_task.o(.data)
    display_task_handle                      0x20000138   Data           4  app_task.o(.data)
    hadc1                                    0x20000140   Data          48  adc.o(.bss)
    hi2c2                                    0x20000170   Data          84  i2c.o(.bss)
    hspi1                                    0x200001c4   Data          88  spi.o(.bss)
    htim2                                    0x2000021c   Data          72  tim.o(.bss)
    htim3                                    0x20000264   Data          72  tim.o(.bss)
    htim4                                    0x200002ac   Data          72  tim.o(.bss)
    huart1                                   0x200002f4   Data          72  usart.o(.bss)
    huart2                                   0x2000033c   Data          72  usart.o(.bss)
    htim1                                    0x20000384   Data          72  stm32f1xx_hal_timebase_tim.o(.bss)
    OLED_GRAM                                0x200003cc   Data        1152  oled.o(.bss)
    Pdot                                     0x2000084c   Data          16  com_filter.o(.bss)
    __initial_sp                             0x20004b40   Data           0  startup_stm32f103xb.o(STACK)



==============================================================================

Memory Map of the image

  Image Entry point : 0x080000ed

  Load Region LR_IROM1 (Base: 0x08000000, Size: 0x00009518, Max: 0x00010000, ABSOLUTE, COMPRESSED[0x0000941c])

    Execution Region ER_IROM1 (Exec base: 0x08000000, Load base: 0x08000000, Size: 0x000093d8, Max: 0x00010000, ABSOLUTE)

    Exec Addr    Load Addr    Size         Type   Attr      Idx    E Section Name        Object

    0x08000000   0x08000000   0x000000ec   Data   RO            3    RESET               startup_stm32f103xb.o
    0x080000ec   0x080000ec   0x00000000   Code   RO         5476  * .ARM.Collect$$$$00000000  mc_w.l(entry.o)
    0x080000ec   0x080000ec   0x00000004   Code   RO         5801    .ARM.Collect$$$$00000001  mc_w.l(entry2.o)
    0x080000f0   0x080000f0   0x00000004   Code   RO         5804    .ARM.Collect$$$$00000004  mc_w.l(entry5.o)
    0x080000f4   0x080000f4   0x00000000   Code   RO         5806    .ARM.Collect$$$$00000008  mc_w.l(entry7b.o)
    0x080000f4   0x080000f4   0x00000000   Code   RO         5808    .ARM.Collect$$$$0000000A  mc_w.l(entry8b.o)
    0x080000f4   0x080000f4   0x00000008   Code   RO         5809    .ARM.Collect$$$$0000000B  mc_w.l(entry9a.o)
    0x080000fc   0x080000fc   0x00000004   Code   RO         5816    .ARM.Collect$$$$0000000E  mc_w.l(entry12b.o)
    0x08000100   0x08000100   0x00000000   Code   RO         5811    .ARM.Collect$$$$0000000F  mc_w.l(entry10a.o)
    0x08000100   0x08000100   0x00000000   Code   RO         5813    .ARM.Collect$$$$00000011  mc_w.l(entry11a.o)
    0x08000100   0x08000100   0x00000004   Code   RO         5802    .ARM.Collect$$$$00002712  mc_w.l(entry2.o)
    0x08000104   0x08000104   0x00000096   Code   RO         5294    .emb_text           port.o
    0x0800019a   0x0800019a   0x00000002   PAD
    0x0800019c   0x0800019c   0x00000024   Code   RO            4    .text               startup_stm32f103xb.o
    0x080001c0   0x080001c0   0x00000020   Code   RO         5479    .text               mc_w.l(llushr.o)
    0x080001e0   0x080001e0   0x00000024   Code   RO         5483    .text               mc_w.l(memseta.o)
    0x08000204   0x08000204   0x000000b0   Code   RO         5748    .text               mf_w.l(fadd.o)
    0x080002b4   0x080002b4   0x00000064   Code   RO         5750    .text               mf_w.l(fmul.o)
    0x08000318   0x08000318   0x0000007c   Code   RO         5752    .text               mf_w.l(fdiv.o)
    0x08000394   0x08000394   0x0000014e   Code   RO         5754    .text               mf_w.l(dadd.o)
    0x080004e2   0x080004e2   0x000000e4   Code   RO         5756    .text               mf_w.l(dmul.o)
    0x080005c6   0x080005c6   0x000000de   Code   RO         5758    .text               mf_w.l(ddiv.o)
    0x080006a4   0x080006a4   0x00000012   Code   RO         5760    .text               mf_w.l(fflti.o)
    0x080006b6   0x080006b6   0x0000000a   Code   RO         5762    .text               mf_w.l(ffltui.o)
    0x080006c0   0x080006c0   0x00000022   Code   RO         5764    .text               mf_w.l(dflti.o)
    0x080006e2   0x080006e2   0x0000001a   Code   RO         5766    .text               mf_w.l(dfltui.o)
    0x080006fc   0x080006fc   0x00000032   Code   RO         5768    .text               mf_w.l(ffixi.o)
    0x0800072e   0x0800072e   0x0000003e   Code   RO         5770    .text               mf_w.l(dfixi.o)
    0x0800076c   0x0800076c   0x00000026   Code   RO         5772    .text               mf_w.l(f2d.o)
    0x08000792   0x08000792   0x00000038   Code   RO         5774    .text               mf_w.l(d2f.o)
    0x080007ca   0x080007ca   0x0000002c   Code   RO         5818    .text               mc_w.l(uidiv.o)
    0x080007f6   0x080007f6   0x00000062   Code   RO         5820    .text               mc_w.l(uldiv.o)
    0x08000858   0x08000858   0x0000001e   Code   RO         5822    .text               mc_w.l(llshl.o)
    0x08000876   0x08000876   0x00000024   Code   RO         5824    .text               mc_w.l(llsshr.o)
    0x0800089a   0x0800089a   0x00000000   Code   RO         5833    .text               mc_w.l(iusefp.o)
    0x0800089a   0x0800089a   0x0000006e   Code   RO         5834    .text               mf_w.l(fepilogue.o)
    0x08000908   0x08000908   0x000000ba   Code   RO         5836    .text               mf_w.l(depilogue.o)
    0x080009c2   0x080009c2   0x00000030   Code   RO         5838    .text               mf_w.l(dfixul.o)
    0x080009f2   0x080009f2   0x00000002   PAD
    0x080009f4   0x080009f4   0x00000030   Code   RO         5840    .text               mf_w.l(cdcmple.o)
    0x08000a24   0x08000a24   0x00000030   Code   RO         5842    .text               mf_w.l(cdrcmple.o)
    0x08000a54   0x08000a54   0x00000024   Code   RO         5848    .text               mc_w.l(init.o)
    0x08000a78   0x08000a78   0x0000002e   Code   RO         5850    .text               mf_w.l(dscalb.o)
    0x08000aa6   0x08000aa6   0x0000003a   Code   RO         5860    .text               mc_w.l(__dczerorl.o)
    0x08000ae0   0x08000ae0   0x0000005c   Code   RO          700    i.ADC_ConversionStop_Disable  stm32f1xx_hal_adc.o
    0x08000b3c   0x08000b3c   0x00000090   Code   RO          704    i.ADC_Enable        stm32f1xx_hal_adc.o
    0x08000bcc   0x08000bcc   0x00000100   Code   RO         5368    i.App_Car_Display   app_car.o
    0x08000ccc   0x08000ccc   0x000000dc   Code   RO         5369    i.App_Car_GetAngle  app_car.o
    0x08000da8   0x08000da8   0x00000134   Code   RO         5370    i.App_Car_PID       app_car.o
    0x08000edc   0x08000edc   0x0000001c   Code   RO         5417    i.App_Task_Display  app_task.o
    0x08000ef8   0x08000ef8   0x00000034   Code   RO         5418    i.App_Task_GetData  app_task.o
    0x08000f2c   0x08000f2c   0x00000034   Code   RO         5419    i.App_Task_Init     app_task.o
    0x08000f60   0x08000f60   0x00000014   Code   RO         5420    i.App_Task_PID      app_task.o
    0x08000f74   0x08000f74   0x000000a0   Code   RO         5421    i.App_Task_Start    app_task.o
    0x08001014   0x08001014   0x00000004   Code   RO          519    i.BusFault_Handler  stm32f1xx_it.o
    0x08001018   0x08001018   0x00000278   Code   RO         4457    i.Com_Filter_Kalman  com_filter.o
    0x08001290   0x08001290   0x00000048   Code   RO         4476    i.Com_PID_Balance   com_pid.o
    0x080012d8   0x080012d8   0x00000020   Code   RO         4477    i.Com_PID_Turn      com_pid.o
    0x080012f8   0x080012f8   0x000000d8   Code   RO         4478    i.Com_PID_Velocity  com_pid.o
    0x080013d0   0x080013d0   0x00000002   Code   RO          520    i.DebugMon_Handler  stm32f1xx_it.o
    0x080013d2   0x080013d2   0x00000006   Code   RO           13    i.Error_Handler     main.o
    0x080013d8   0x080013d8   0x00000160   Code   RO          706    i.HAL_ADC_ConfigChannel  stm32f1xx_hal_adc.o
    0x08001538   0x08001538   0x00000008   Code   RO          713    i.HAL_ADC_GetValue  stm32f1xx_hal_adc.o
    0x08001540   0x08001540   0x00000144   Code   RO          715    i.HAL_ADC_Init      stm32f1xx_hal_adc.o
    0x08001684   0x08001684   0x00000070   Code   RO          268    i.HAL_ADC_MspInit   adc.o
    0x080016f4   0x080016f4   0x00000130   Code   RO          721    i.HAL_ADC_Start     stm32f1xx_hal_adc.o
    0x08001824   0x08001824   0x00000056   Code   RO         1362    i.HAL_DMA_Abort     stm32f1xx_hal_dma.o
    0x0800187a   0x0800187a   0x00000002   PAD
    0x0800187c   0x0800187c   0x000000b0   Code   RO         1363    i.HAL_DMA_Abort_IT  stm32f1xx_hal_dma.o
    0x0800192c   0x0800192c   0x00000028   Code   RO          983    i.HAL_Delay         stm32f1xx_hal.o
    0x08001954   0x08001954   0x00000320   Code   RO         1298    i.HAL_GPIO_Init     stm32f1xx_hal_gpio.o
    0x08001c74   0x08001c74   0x0000000c   Code   RO         1302    i.HAL_GPIO_WritePin  stm32f1xx_hal_gpio.o
    0x08001c80   0x08001c80   0x0000000c   Code   RO          987    i.HAL_GetTick       stm32f1xx_hal.o
    0x08001c8c   0x08001c8c   0x000001d0   Code   RO         1995    i.HAL_I2C_Init      stm32f1xx_hal_i2c.o
    0x08001e5c   0x08001e5c   0x00000364   Code   RO         2013    i.HAL_I2C_Mem_Read  stm32f1xx_hal_i2c.o
    0x080021c0   0x080021c0   0x00000164   Code   RO         2016    i.HAL_I2C_Mem_Write  stm32f1xx_hal_i2c.o
    0x08002324   0x08002324   0x00000078   Code   RO          310    i.HAL_I2C_MspInit   i2c.o
    0x0800239c   0x0800239c   0x00000018   Code   RO          993    i.HAL_IncTick       stm32f1xx_hal.o
    0x080023b4   0x080023b4   0x00000028   Code   RO          994    i.HAL_Init          stm32f1xx_hal.o
    0x080023dc   0x080023dc   0x000000a0   Code   RO          625    i.HAL_InitTick      stm32f1xx_hal_timebase_tim.o
    0x0800247c   0x0800247c   0x00000054   Code   RO          601    i.HAL_MspInit       stm32f1xx_hal_msp.o
    0x080024d0   0x080024d0   0x00000020   Code   RO         1458    i.HAL_NVIC_EnableIRQ  stm32f1xx_hal_cortex.o
    0x080024f0   0x080024f0   0x0000007c   Code   RO         1464    i.HAL_NVIC_SetPriority  stm32f1xx_hal_cortex.o
    0x0800256c   0x0800256c   0x00000028   Code   RO         1465    i.HAL_NVIC_SetPriorityGrouping  stm32f1xx_hal_cortex.o
    0x08002594   0x08002594   0x00000130   Code   RO         1260    i.HAL_RCCEx_PeriphCLKConfig  stm32f1xx_hal_rcc_ex.o
    0x080026c4   0x080026c4   0x0000018c   Code   RO         1151    i.HAL_RCC_ClockConfig  stm32f1xx_hal_rcc.o
    0x08002850   0x08002850   0x00000044   Code   RO         1155    i.HAL_RCC_GetClockConfig  stm32f1xx_hal_rcc.o
    0x08002894   0x08002894   0x0000000c   Code   RO         1156    i.HAL_RCC_GetHCLKFreq  stm32f1xx_hal_rcc.o
    0x080028a0   0x080028a0   0x00000020   Code   RO         1158    i.HAL_RCC_GetPCLK1Freq  stm32f1xx_hal_rcc.o
    0x080028c0   0x080028c0   0x00000020   Code   RO         1159    i.HAL_RCC_GetPCLK2Freq  stm32f1xx_hal_rcc.o
    0x080028e0   0x080028e0   0x00000070   Code   RO         1160    i.HAL_RCC_GetSysClockFreq  stm32f1xx_hal_rcc.o
    0x08002950   0x08002950   0x00000464   Code   RO         1163    i.HAL_RCC_OscConfig  stm32f1xx_hal_rcc.o
    0x08002db4   0x08002db4   0x000000be   Code   RO         2472    i.HAL_SPI_Init      stm32f1xx_hal_spi.o
    0x08002e72   0x08002e72   0x00000002   PAD
    0x08002e74   0x08002e74   0x00000074   Code   RO          352    i.HAL_SPI_MspInit   spi.o
    0x08002ee8   0x08002ee8   0x000001bc   Code   RO         2480    i.HAL_SPI_Transmit  stm32f1xx_hal_spi.o
    0x080030a4   0x080030a4   0x00000002   Code   RO         3500    i.HAL_TIMEx_BreakCallback  stm32f1xx_hal_tim_ex.o
    0x080030a6   0x080030a6   0x00000002   Code   RO         3501    i.HAL_TIMEx_CommutCallback  stm32f1xx_hal_tim_ex.o
    0x080030a8   0x080030a8   0x00000084   Code   RO         3519    i.HAL_TIMEx_MasterConfigSynchronization  stm32f1xx_hal_tim_ex.o
    0x0800312c   0x0800312c   0x00000066   Code   RO         2785    i.HAL_TIM_Base_Init  stm32f1xx_hal_tim.o
    0x08003192   0x08003192   0x00000002   PAD
    0x08003194   0x08003194   0x00000030   Code   RO          394    i.HAL_TIM_Base_MspInit  tim.o
    0x080031c4   0x080031c4   0x00000078   Code   RO         2790    i.HAL_TIM_Base_Start_IT  stm32f1xx_hal_tim.o
    0x0800323c   0x0800323c   0x0000010c   Code   RO         2794    i.HAL_TIM_ConfigClockSource  stm32f1xx_hal_tim.o
    0x08003348   0x08003348   0x000000c4   Code   RO         2806    i.HAL_TIM_Encoder_Init  stm32f1xx_hal_tim.o
    0x0800340c   0x0800340c   0x00000124   Code   RO          396    i.HAL_TIM_Encoder_MspInit  tim.o
    0x08003530   0x08003530   0x000000cc   Code   RO         2809    i.HAL_TIM_Encoder_Start  stm32f1xx_hal_tim.o
    0x080035fc   0x080035fc   0x00000002   Code   RO         2819    i.HAL_TIM_IC_CaptureCallback  stm32f1xx_hal_tim.o
    0x080035fe   0x080035fe   0x00000196   Code   RO         2833    i.HAL_TIM_IRQHandler  stm32f1xx_hal_tim.o
    0x08003794   0x08003794   0x00000058   Code   RO          397    i.HAL_TIM_MspPostInit  tim.o
    0x080037ec   0x080037ec   0x00000002   Code   RO         2836    i.HAL_TIM_OC_DelayElapsedCallback  stm32f1xx_hal_tim.o
    0x080037ee   0x080037ee   0x00000104   Code   RO         2857    i.HAL_TIM_PWM_ConfigChannel  stm32f1xx_hal_tim.o
    0x080038f2   0x080038f2   0x00000066   Code   RO         2860    i.HAL_TIM_PWM_Init  stm32f1xx_hal_tim.o
    0x08003958   0x08003958   0x00000002   Code   RO         2862    i.HAL_TIM_PWM_MspInit  stm32f1xx_hal_tim.o
    0x0800395a   0x0800395a   0x00000002   Code   RO         2863    i.HAL_TIM_PWM_PulseFinishedCallback  stm32f1xx_hal_tim.o
    0x0800395c   0x0800395c   0x000000d4   Code   RO         2865    i.HAL_TIM_PWM_Start  stm32f1xx_hal_tim.o
    0x08003a30   0x08003a30   0x00000018   Code   RO           14    i.HAL_TIM_PeriodElapsedCallback  main.o
    0x08003a48   0x08003a48   0x00000002   Code   RO         2876    i.HAL_TIM_TriggerCallback  stm32f1xx_hal_tim.o
    0x08003a4a   0x08003a4a   0x00000002   Code   RO         3779    i.HAL_UARTEx_RxEventCallback  stm32f1xx_hal_uart.o
    0x08003a4c   0x08003a4c   0x00000002   Code   RO         3793    i.HAL_UART_ErrorCallback  stm32f1xx_hal_uart.o
    0x08003a4e   0x08003a4e   0x00000002   PAD
    0x08003a50   0x08003a50   0x000002e4   Code   RO         3796    i.HAL_UART_IRQHandler  stm32f1xx_hal_uart.o
    0x08003d34   0x08003d34   0x00000076   Code   RO         3797    i.HAL_UART_Init     stm32f1xx_hal_uart.o
    0x08003daa   0x08003daa   0x00000002   PAD
    0x08003dac   0x08003dac   0x00000110   Code   RO          466    i.HAL_UART_MspInit  usart.o
    0x08003ebc   0x08003ebc   0x0000002c   Code   RO         3802    i.HAL_UART_Receive_IT  stm32f1xx_hal_uart.o
    0x08003ee8   0x08003ee8   0x000000d8   Code   RO         5371    i.HAL_UART_RxCpltCallback  app_car.o
    0x08003fc0   0x08003fc0   0x00000002   Code   RO         3808    i.HAL_UART_TxCpltCallback  stm32f1xx_hal_uart.o
    0x08003fc2   0x08003fc2   0x00000004   Code   RO          521    i.HardFault_Handler  stm32f1xx_it.o
    0x08003fc6   0x08003fc6   0x0000003e   Code   RO         2039    i.I2C_IsAcknowledgeFailed  stm32f1xx_hal_i2c.o
    0x08004004   0x08004004   0x00000160   Code   RO         2050    i.I2C_RequestMemoryRead  stm32f1xx_hal_i2c.o
    0x08004164   0x08004164   0x000000e0   Code   RO         2051    i.I2C_RequestMemoryWrite  stm32f1xx_hal_i2c.o
    0x08004244   0x08004244   0x00000066   Code   RO         2059    i.I2C_WaitOnBTFFlagUntilTimeout  stm32f1xx_hal_i2c.o
    0x080042aa   0x080042aa   0x000000be   Code   RO         2060    i.I2C_WaitOnFlagUntilTimeout  stm32f1xx_hal_i2c.o
    0x08004368   0x08004368   0x000000fa   Code   RO         2061    i.I2C_WaitOnMasterAddressFlagUntilTimeout  stm32f1xx_hal_i2c.o
    0x08004462   0x08004462   0x0000008a   Code   RO         2062    i.I2C_WaitOnRXNEFlagUntilTimeout  stm32f1xx_hal_i2c.o
    0x080044ec   0x080044ec   0x00000066   Code   RO         2065    i.I2C_WaitOnTXEFlagUntilTimeout  stm32f1xx_hal_i2c.o
    0x08004552   0x08004552   0x00000002   PAD
    0x08004554   0x08004554   0x00000040   Code   RO         4177    i.Int_Encoder_ReadCounter  int_encoder.o
    0x08004594   0x08004594   0x00000044   Code   RO         4204    i.Int_MPU6050_Get_Accel  int_mpu6050.o
    0x080045d8   0x080045d8   0x00000044   Code   RO         4205    i.Int_MPU6050_Get_Gyro  int_mpu6050.o
    0x0800461c   0x0800461c   0x0000006e   Code   RO         4206    i.Int_MPU6050_Init  int_mpu6050.o
    0x0800468a   0x0800468a   0x00000002   PAD
    0x0800468c   0x0800468c   0x00000024   Code   RO         4207    i.Int_MPU6050_ReadByte  int_mpu6050.o
    0x080046b0   0x080046b0   0x00000024   Code   RO         4208    i.Int_MPU6050_ReadBytes  int_mpu6050.o
    0x080046d4   0x080046d4   0x00000034   Code   RO         4209    i.Int_MPU6050_SetGyroRate  int_mpu6050.o
    0x08004708   0x08004708   0x00000044   Code   RO         4210    i.Int_MPU6050_Set_DLPF_CFG  int_mpu6050.o
    0x0800474c   0x0800474c   0x00000028   Code   RO         4211    i.Int_MPU6050_WriteByte  int_mpu6050.o
    0x08004774   0x08004774   0x00000054   Code   RO         4279    i.Int_TB6612_MotorA  int_tb6612.o
    0x080047c8   0x080047c8   0x00000054   Code   RO         4280    i.Int_TB6612_MotorB  int_tb6612.o
    0x0800481c   0x0800481c   0x00000058   Code   RO         4281    i.Int_TB6612_SetPWM  int_tb6612.o
    0x08004874   0x08004874   0x00000058   Code   RO          269    i.MX_ADC1_Init      adc.o
    0x080048cc   0x080048cc   0x000000d0   Code   RO          243    i.MX_GPIO_Init      gpio.o
    0x0800499c   0x0800499c   0x0000003c   Code   RO          311    i.MX_I2C2_Init      i2c.o
    0x080049d8   0x080049d8   0x00000044   Code   RO          353    i.MX_SPI1_Init      spi.o
    0x08004a1c   0x08004a1c   0x00000078   Code   RO          398    i.MX_TIM2_Init      tim.o
    0x08004a94   0x08004a94   0x0000007c   Code   RO          399    i.MX_TIM3_Init      tim.o
    0x08004b10   0x08004b10   0x000000b4   Code   RO          400    i.MX_TIM4_Init      tim.o
    0x08004bc4   0x08004bc4   0x00000038   Code   RO          467    i.MX_USART1_UART_Init  usart.o
    0x08004bfc   0x08004bfc   0x00000038   Code   RO          468    i.MX_USART2_UART_Init  usart.o
    0x08004c34   0x08004c34   0x00000004   Code   RO          522    i.MemManage_Handler  stm32f1xx_it.o
    0x08004c38   0x08004c38   0x00000004   Code   RO          523    i.NMI_Handler       stm32f1xx_it.o
    0x08004c3c   0x08004c3c   0x00000030   Code   RO         4318    i.OLED_Clear        oled.o
    0x08004c6c   0x08004c6c   0x00000078   Code   RO         4325    i.OLED_DrawPoint    oled.o
    0x08004ce4   0x08004ce4   0x00000108   Code   RO         4326    i.OLED_Init         oled.o
    0x08004dec   0x08004dec   0x0000004c   Code   RO         4328    i.OLED_Refresh      oled.o
    0x08004e38   0x08004e38   0x0000013c   Code   RO         4330    i.OLED_ShowChar     oled.o
    0x08004f74   0x08004f74   0x0000004a   Code   RO         4334    i.OLED_ShowString   oled.o
    0x08004fbe   0x08004fbe   0x00000002   PAD
    0x08004fc0   0x08004fc0   0x00000058   Code   RO         4335    i.OLED_WR_Byte      oled.o
    0x08005018   0x08005018   0x00000028   Code   RO         1164    i.RCC_Delay         stm32f1xx_hal_rcc.o
    0x08005040   0x08005040   0x00000028   Code   RO         2510    i.SPI_EndRxTxTransaction  stm32f1xx_hal_spi.o
    0x08005068   0x08005068   0x000000d8   Code   RO         2515    i.SPI_WaitFlagStateUntilTimeout  stm32f1xx_hal_spi.o
    0x08005140   0x08005140   0x00000010   Code   RO          524    i.SysTick_Handler   stm32f1xx_it.o
    0x08005150   0x08005150   0x00000084   Code   RO           15    i.SystemClock_Config  main.o
    0x080051d4   0x080051d4   0x00000002   Code   RO         4141    i.SystemInit        system_stm32f1xx.o
    0x080051d6   0x080051d6   0x00000002   PAD
    0x080051d8   0x080051d8   0x00000010   Code   RO          525    i.TIM1_UP_IRQHandler  stm32f1xx_it.o
    0x080051e8   0x080051e8   0x00000074   Code   RO         2878    i.TIM_Base_SetConfig  stm32f1xx_hal_tim.o
    0x0800525c   0x0800525c   0x00000022   Code   RO         2879    i.TIM_CCxChannelCmd  stm32f1xx_hal_tim.o
    0x0800527e   0x0800527e   0x00000016   Code   RO         2889    i.TIM_ETR_SetConfig  stm32f1xx_hal_tim.o
    0x08005294   0x08005294   0x00000012   Code   RO         2890    i.TIM_ITRx_SetConfig  stm32f1xx_hal_tim.o
    0x080052a6   0x080052a6   0x00000002   PAD
    0x080052a8   0x080052a8   0x00000060   Code   RO         2891    i.TIM_OC1_SetConfig  stm32f1xx_hal_tim.o
    0x08005308   0x08005308   0x00000068   Code   RO         2892    i.TIM_OC2_SetConfig  stm32f1xx_hal_tim.o
    0x08005370   0x08005370   0x00000068   Code   RO         2893    i.TIM_OC3_SetConfig  stm32f1xx_hal_tim.o
    0x080053d8   0x080053d8   0x00000048   Code   RO         2894    i.TIM_OC4_SetConfig  stm32f1xx_hal_tim.o
    0x08005420   0x08005420   0x00000026   Code   RO         2896    i.TIM_TI1_ConfigInputStage  stm32f1xx_hal_tim.o
    0x08005446   0x08005446   0x00000028   Code   RO         2898    i.TIM_TI2_ConfigInputStage  stm32f1xx_hal_tim.o
    0x0800546e   0x0800546e   0x00000014   Code   RO         3810    i.UART_DMAAbortOnError  stm32f1xx_hal_uart.o
    0x08005482   0x08005482   0x0000006c   Code   RO         3820    i.UART_EndRxTransfer  stm32f1xx_hal_uart.o
    0x080054ee   0x080054ee   0x00000020   Code   RO         3821    i.UART_EndTransmit_IT  stm32f1xx_hal_uart.o
    0x0800550e   0x0800550e   0x000000fc   Code   RO         3823    i.UART_Receive_IT   stm32f1xx_hal_uart.o
    0x0800560a   0x0800560a   0x00000002   PAD
    0x0800560c   0x0800560c   0x000000fc   Code   RO         3824    i.UART_SetConfig    stm32f1xx_hal_uart.o
    0x08005708   0x08005708   0x00000040   Code   RO         3826    i.UART_Start_Receive_IT  stm32f1xx_hal_uart.o
    0x08005748   0x08005748   0x00000060   Code   RO         3827    i.UART_Transmit_IT  stm32f1xx_hal_uart.o
    0x080057a8   0x080057a8   0x00000010   Code   RO          526    i.USART1_IRQHandler  stm32f1xx_it.o
    0x080057b8   0x080057b8   0x00000010   Code   RO          527    i.USART2_IRQHandler  stm32f1xx_it.o
    0x080057c8   0x080057c8   0x00000004   Code   RO          528    i.UsageFault_Handler  stm32f1xx_it.o
    0x080057cc   0x080057cc   0x00000028   Code   RO         5722    i.__0sprintf        mc_w.l(printfa.o)
    0x080057f4   0x080057f4   0x00000028   Code   RO         5844    i.__ARM_fpclassify  m_ws.l(fpclassify.o)
    0x0800581c   0x0800581c   0x00000010   Code   RO         1471    i.__NVIC_GetPriorityGrouping  stm32f1xx_hal_cortex.o
    0x0800582c   0x0800582c   0x00000028   Code   RO         1472    i.__NVIC_SetPriority  stm32f1xx_hal_cortex.o
    0x08005854   0x08005854   0x000000aa   Code   RO         5846    i.__kernel_poly     m_ws.l(poly.o)
    0x080058fe   0x080058fe   0x00000006   Code   RO         5787    i.__mathlib_dbl_infnan  m_ws.l(dunder.o)
    0x08005904   0x08005904   0x00000004   Code   RO         5788    i.__mathlib_dbl_infnan2  m_ws.l(dunder.o)
    0x08005908   0x08005908   0x00000010   Code   RO         5792    i.__mathlib_dbl_underflow  m_ws.l(dunder.o)
    0x08005918   0x08005918   0x0000000e   Code   RO         5854    i.__scatterload_copy  mc_w.l(handlers.o)
    0x08005926   0x08005926   0x00000002   Code   RO         5855    i.__scatterload_null  mc_w.l(handlers.o)
    0x08005928   0x08005928   0x0000000e   Code   RO         5856    i.__scatterload_zeroinit  mc_w.l(handlers.o)
    0x08005936   0x08005936   0x00000002   PAD
    0x08005938   0x08005938   0x0000000c   Code   RO         5828    i.__set_errno       mc_w.l(errno.o)
    0x08005944   0x08005944   0x00000184   Code   RO         5727    i._fp_digits        mc_w.l(printfa.o)
    0x08005ac8   0x08005ac8   0x000006b4   Code   RO         5728    i._printf_core      mc_w.l(printfa.o)
    0x0800617c   0x0800617c   0x00000024   Code   RO         5729    i._printf_post_padding  mc_w.l(printfa.o)
    0x080061a0   0x080061a0   0x0000002e   Code   RO         5730    i._printf_pre_padding  mc_w.l(printfa.o)
    0x080061ce   0x080061ce   0x0000000a   Code   RO         5732    i._sputc            mc_w.l(printfa.o)
    0x080061d8   0x080061d8   0x00000220   Code   RO         5777    i.atan              m_ws.l(atan.o)
    0x080063f8   0x080063f8   0x0000019c   Code   RO         5469    i.atan2             m_ws.l(atan2.o)
    0x08006594   0x08006594   0x000000f4   Code   RO           16    i.main              main.o
    0x08006688   0x08006688   0x000000c0   Code   RO         4921    i.prvAddCurrentTaskToDelayedList  tasks.o
    0x08006748   0x08006748   0x000000e4   Code   RO         4922    i.prvAddNewTaskToReadyList  tasks.o
    0x0800682c   0x0800682c   0x00000048   Code   RO         4923    i.prvCheckTasksWaitingTermination  tasks.o
    0x08006874   0x08006874   0x00000012   Code   RO         4924    i.prvDeleteTCB      tasks.o
    0x08006886   0x08006886   0x00000002   PAD
    0x08006888   0x08006888   0x00000070   Code   RO         5233    i.prvHeapInit       heap_4.o
    0x080068f8   0x080068f8   0x00000028   Code   RO         4925    i.prvIdleTask       tasks.o
    0x08006920   0x08006920   0x0000007a   Code   RO         4926    i.prvInitialiseNewTask  tasks.o
    0x0800699a   0x0800699a   0x00000002   PAD
    0x0800699c   0x0800699c   0x00000068   Code   RO         4927    i.prvInitialiseTaskLists  tasks.o
    0x08006a04   0x08006a04   0x00000068   Code   RO         5234    i.prvInsertBlockIntoFreeList  heap_4.o
    0x08006a6c   0x08006a6c   0x00000030   Code   RO         4928    i.prvResetNextTaskUnblockTime  tasks.o
    0x08006a9c   0x08006a9c   0x00000016   Code   RO         5295    i.prvTaskExitError  port.o
    0x08006ab2   0x08006ab2   0x00000002   PAD
    0x08006ab4   0x08006ab4   0x000000e4   Code   RO         5236    i.pvPortMalloc      heap_4.o
    0x08006b98   0x08006b98   0x00000024   Code   RO         5296    i.pxPortInitialiseStack  port.o
    0x08006bbc   0x08006bbc   0x00000088   Code   RO         4930    i.ulTaskGenericNotifyTake  tasks.o
    0x08006c44   0x08006c44   0x00000028   Code   RO         4602    i.uxListRemove      list.o
    0x08006c6c   0x08006c6c   0x0000001a   Code   RO         4603    i.vListInitialise   list.o
    0x08006c86   0x08006c86   0x00000006   Code   RO         4604    i.vListInitialiseItem  list.o
    0x08006c8c   0x08006c8c   0x00000034   Code   RO         4605    i.vListInsert       list.o
    0x08006cc0   0x08006cc0   0x00000018   Code   RO         4606    i.vListInsertEnd    list.o
    0x08006cd8   0x08006cd8   0x00000024   Code   RO         5298    i.vPortEnterCritical  port.o
    0x08006cfc   0x08006cfc   0x00000020   Code   RO         5299    i.vPortExitCritical  port.o
    0x08006d1c   0x08006d1c   0x0000004c   Code   RO         5237    i.vPortFree         heap_4.o
    0x08006d68   0x08006d68   0x00000018   Code   RO         5300    i.vPortSetupTimerInterrupt  port.o
    0x08006d80   0x08006d80   0x000000d4   Code   RO         4937    i.vTaskDelete       tasks.o
    0x08006e54   0x08006e54   0x0000006c   Code   RO         4948    i.vTaskStartScheduler  tasks.o
    0x08006ec0   0x08006ec0   0x00000010   Code   RO         4950    i.vTaskSuspendAll   tasks.o
    0x08006ed0   0x08006ed0   0x00000060   Code   RO         4951    i.vTaskSwitchContext  tasks.o
    0x08006f30   0x08006f30   0x00000034   Code   RO         5301    i.xPortStartScheduler  port.o
    0x08006f64   0x08006f64   0x00000034   Code   RO         5302    i.xPortSysTickHandler  port.o
    0x08006f98   0x08006f98   0x00000068   Code   RO         4954    i.xTaskCreate       tasks.o
    0x08007000   0x08007000   0x00000074   Code   RO         4955    i.xTaskDelayUntil   tasks.o
    0x08007074   0x08007074   0x0000014c   Code   RO         4956    i.xTaskGenericNotify  tasks.o
    0x080071c0   0x080071c0   0x00000020   Code   RO         4961    i.xTaskGetSchedulerState  tasks.o
    0x080071e0   0x080071e0   0x0000000c   Code   RO         4962    i.xTaskGetTickCount  tasks.o
    0x080071ec   0x080071ec   0x00000190   Code   RO         4964    i.xTaskIncrementTick  tasks.o
    0x0800737c   0x0800737c   0x0000015c   Code   RO         4966    i.xTaskResumeAll    tasks.o
    0x080074d8   0x080074d8   0x00000012   Data   RO         1165    .constdata          stm32f1xx_hal_rcc.o
    0x080074ea   0x080074ea   0x00000018   Data   RO         4142    .constdata          system_stm32f1xx.o
    0x08007502   0x08007502   0x00001e10   Data   RO         4337    .constdata          oled.o
    0x08009312   0x08009312   0x00000006   PAD
    0x08009318   0x08009318   0x00000098   Data   RO         5778    .constdata          m_ws.l(atan.o)
    0x080093b0   0x080093b0   0x00000008   Data   RO         5800    .constdata          m_ws.l(qnan.o)
    0x080093b8   0x080093b8   0x00000020   Data   RO         5852    Region$$Table       anon$$obj.o


    Execution Region RW_IRAM1 (Exec base: 0x20000000, Load base: 0x080093d8, Size: 0x00004b40, Max: 0x00005000, ABSOLUTE, COMPRESSED[0x00000044])

    Exec Addr    Load Addr    Size         Type   Attr      Idx    E Section Name        Object

    0x20000000   COMPRESSED   0x00000001   Data   RW           17    .data               main.o
    0x20000001   COMPRESSED   0x00000003   PAD
    0x20000004   COMPRESSED   0x00000009   Data   RW         1001    .data               stm32f1xx_hal.o
    0x2000000d   COMPRESSED   0x00000003   PAD
    0x20000010   COMPRESSED   0x00000004   Data   RW         4143    .data               system_stm32f1xx.o
    0x20000014   COMPRESSED   0x00000054   Data   RW         4459    .data               com_filter.o
    0x20000068   COMPRESSED   0x00000008   Data   RW         4479    .data               com_pid.o
    0x20000070   COMPRESSED   0x00000040   Data   RW         4969    .data               tasks.o
    0x200000b0   COMPRESSED   0x0000001c   Data   RW         5243    .data               heap_4.o
    0x200000cc   COMPRESSED   0x00000004   Data   RW         5303    .data               port.o
    0x200000d0   COMPRESSED   0x0000005c   Data   RW         5372    .data               app_car.o
    0x2000012c   COMPRESSED   0x00000010   Data   RW         5422    .data               app_task.o
    0x2000013c   COMPRESSED   0x00000004   Data   RW         5829    .data               mc_w.l(errno.o)
    0x20000140        -       0x00000030   Zero   RW          270    .bss                adc.o
    0x20000170        -       0x00000054   Zero   RW          312    .bss                i2c.o
    0x200001c4        -       0x00000058   Zero   RW          354    .bss                spi.o
    0x2000021c        -       0x000000d8   Zero   RW          401    .bss                tim.o
    0x200002f4        -       0x00000090   Zero   RW          470    .bss                usart.o
    0x20000384        -       0x00000048   Zero   RW          628    .bss                stm32f1xx_hal_timebase_tim.o
    0x200003cc        -       0x00000480   Zero   RW         4336    .bss                oled.o
    0x2000084c        -       0x00000010   Zero   RW         4458    .bss                com_filter.o
    0x2000085c        -       0x000002e4   Zero   RW         4968    .bss                tasks.o
    0x20000b40        -       0x00003c00   Zero   RW         5242    .bss                heap_4.o
    0x20004740        -       0x00000400   Zero   RW            1    STACK               startup_stm32f103xb.o


==============================================================================

Image component sizes


      Code (inc. data)   RO Data    RW Data    ZI Data      Debug   Object Name

       200         22          0          0         48       1765   adc.o
      1000        226          0         92          0       3950   app_car.o
       312        110          0         16          0       3095   app_task.o
       632         74          0         84         16       1746   com_filter.o
       320         24          0          8          0       2268   com_pid.o
         0          0          0          0          0       1084   event_groups.o
       208         12          0          0          0       1023   gpio.o
       520         58          0         28      15360       4731   heap_4.o
       180         26          0          0         84       1721   i2c.o
        64          8          0          0          0        598   int_encoder.o
       478         12          0          0          0       5334   int_mpu6050.o
       256         16          0          0          0       1768   int_tb6612.o
       148          0          0          0          0       3406   list.o
       406         58          0          1          0     472839   main.o
       986         54       7696          0       1152       7650   oled.o
       404         48          0          4          0       9316   port.o
       184         22          0          0         88       1733   spi.o
        36          8        236          0       1024        816   startup_stm32f103xb.o
       116         24          0          9          0       5446   stm32f1xx_hal.o
      1224         44          0          0          0       5504   stm32f1xx_hal_adc.o
       252         22          0          0          0      28850   stm32f1xx_hal_cortex.o
       262          4          0          0          0       1839   stm32f1xx_hal_dma.o
       812         34          0          0          0       2760   stm32f1xx_hal_gpio.o
      3108         52          0          0          0      11934   stm32f1xx_hal_i2c.o
        84          8          0          0          0        954   stm32f1xx_hal_msp.o
      1816        108         18          0          0       6845   stm32f1xx_hal_rcc.o
       304         14          0          0          0       1460   stm32f1xx_hal_rcc_ex.o
       890          6          0          0          0       4286   stm32f1xx_hal_spi.o
      2524         60          0          0          0      18315   stm32f1xx_hal_tim.o
       136         14          0          0          0       2541   stm32f1xx_hal_tim_ex.o
       160         22          0          0         72       1511   stm32f1xx_hal_timebase_tim.o
      1732          8          0          0          0      10444   stm32f1xx_hal_uart.o
        86         18          0          0          0       4756   stm32f1xx_it.o
         2          0         24          4          0       1203   system_stm32f1xx.o
      2736        348          0         64        740      30638   tasks.o
       852         66          0          0        216       4740   tim.o
       384         36          0          0        144       2447   usart.o

    ----------------------------------------------------------------------
     23844       1666       8012        316      18944     671316   Object Totals
         0          0         32          0          0          0   (incl. Generated)
        30          0          6          6          0          0   (incl. Padding)

    ----------------------------------------------------------------------

      Code (inc. data)   RO Data    RW Data    ZI Data      Debug   Library Member Name

       544         70        152          0          0        124   atan.o
       412         38          0          0          0        144   atan2.o
        26          6          0          0          0        204   dunder.o
        40          0          0          0          0         68   fpclassify.o
       170          0          0          0          0         96   poly.o
         0          0          8          0          0          0   qnan.o
        58          0          0          0          0          0   __dczerorl.o
         0          0          0          0          0          0   entry.o
         0          0          0          0          0          0   entry10a.o
         0          0          0          0          0          0   entry11a.o
         4          0          0          0          0          0   entry12b.o
         8          4          0          0          0          0   entry2.o
         4          0          0          0          0          0   entry5.o
         0          0          0          0          0          0   entry7b.o
         0          0          0          0          0          0   entry8b.o
         8          4          0          0          0          0   entry9a.o
        12          6          0          4          0         68   errno.o
        30          0          0          0          0          0   handlers.o
        36          8          0          0          0         68   init.o
         0          0          0          0          0          0   iusefp.o
        30          0          0          0          0         68   llshl.o
        36          0          0          0          0         68   llsshr.o
        32          0          0          0          0         68   llushr.o
        36          0          0          0          0        108   memseta.o
      2236         86          0          0          0        532   printfa.o
        44          0          0          0          0         80   uidiv.o
        98          0          0          0          0         92   uldiv.o
        48          0          0          0          0         68   cdcmple.o
        48          0          0          0          0         68   cdrcmple.o
        56          0          0          0          0         88   d2f.o
       334          0          0          0          0        148   dadd.o
       222          0          0          0          0        100   ddiv.o
       186          0          0          0          0        176   depilogue.o
        62          0          0          0          0         80   dfixi.o
        48          0          0          0          0         68   dfixul.o
        34          0          0          0          0         76   dflti.o
        26          0          0          0          0         76   dfltui.o
       228          0          0          0          0         96   dmul.o
        46          0          0          0          0         80   dscalb.o
        38          0          0          0          0         68   f2d.o
       176          0          0          0          0        140   fadd.o
       124          0          0          0          0         88   fdiv.o
       110          0          0          0          0        168   fepilogue.o
        50          0          0          0          0         68   ffixi.o
        18          0          0          0          0         68   fflti.o
        10          0          0          0          0         68   ffltui.o
       100          0          0          0          0         76   fmul.o

    ----------------------------------------------------------------------
      5832        222        160          4          0       3656   Library Totals
         4          0          0          0          0          0   (incl. Padding)

    ----------------------------------------------------------------------

      Code (inc. data)   RO Data    RW Data    ZI Data      Debug   Library Name

      1192        114        160          0          0        636   m_ws.l
      2672        108          0          4          0       1152   mc_w.l
      1964          0          0          0          0       1868   mf_w.l

    ----------------------------------------------------------------------
      5832        222        160          4          0       3656   Library Totals

    ----------------------------------------------------------------------

==============================================================================


      Code (inc. data)   RO Data    RW Data    ZI Data      Debug   

     29676       1888       8172        320      18944     663868   Grand Totals
     29676       1888       8172         68      18944     663868   ELF Image Totals (compressed)
     29676       1888       8172         68          0          0   ROM Totals

==============================================================================

    Total RO  Size (Code + RO Data)                37848 (  36.96kB)
    Total RW  Size (RW Data + ZI Data)             19264 (  18.81kB)
    Total ROM Size (Code + RO Data + RW Data)      37916 (  37.03kB)

==============================================================================

