<html>
<body>
<pre>
<h1>礦ision Build Log</h1>
<h2>Tool Versions:</h2>
IDE-Version: μVision V5.38.0.0
Copyright (C) 2022 ARM Ltd and ARM Germany GmbH. All rights reserved.
License Information: a a, a, LIC=585FJ-UKFD6-QDNKD-8RG9Y-L72G7-N1RRX
 
Tool Versions:
Toolchain:       MDK-ARM Plus  Version: 5.38.0.0
Toolchain Path:  D:\software\Keil_v5\ARM\ARMCC\Bin
C Compiler:      Armcc.exe V5.06 update 7 (build 960)
Assembler:       Armasm.exe V5.06 update 7 (build 960)
Linker/Locator:  ArmLink.exe V5.06 update 7 (build 960)
Library Manager: ArmAr.exe V5.06 update 7 (build 960)
Hex Converter:   FromElf.exe V5.06 update 7 (build 960)
CPU DLL:         SARMCM3.DLL V5.38.0.0
Dialog DLL:      DCM.DLL V1.17.5.0
Target DLL:      STLink\ST-LINKIII-KEIL_SWO.dll V3.1.0.0
Dialog DLL:      TCM.DLL V1.56.4.0
 
<h2>Project:</h2>
f:\atguigu\06_embedded\15_尚硅谷嵌入式项目之平衡车\03_代码\CAR_HAL\MDK-ARM\CAR_HAL.uvprojx
Project File Date:  07/25/2024

<h2>Output:</h2>
*** Using Compiler 'V5.06 update 7 (build 960)', folder: 'D:\software\Keil_v5\ARM\ARMCC\Bin'
Build target 'CAR_HAL'
assembling startup_stm32f103xb.s...
compiling spi.c...
compiling i2c.c...
compiling gpio.c...
compiling usart.c...
compiling stm32f1xx_hal_msp.c...
compiling stm32f1xx_it.c...
compiling tim.c...
compiling stm32f1xx_hal_gpio_ex.c...
compiling stm32f1xx_hal_timebase_tim.c...
compiling adc.c...
compiling main.c...
compiling stm32f1xx_hal_gpio.c...
compiling stm32f1xx_hal_dma.c...
compiling stm32f1xx_hal_adc.c...
compiling stm32f1xx_hal_rcc.c...
compiling stm32f1xx_hal_rcc_ex.c...
compiling stm32f1xx_hal_pwr.c...
compiling stm32f1xx_hal_flash.c...
compiling stm32f1xx_hal_adc_ex.c...
compiling stm32f1xx_hal_flash_ex.c...
compiling stm32f1xx_hal_cortex.c...
compiling stm32f1xx_hal.c...
compiling system_stm32f1xx.c...
compiling stm32f1xx_hal_exti.c...
compiling Com_Filter.c...
compiling Int_TB6612.c...
compiling Int_Encoder.c...
compiling stm32f1xx_hal_spi.c...
compiling oled.c...
compiling Com_PID.c...
compiling stm32f1xx_hal_i2c.c...
compiling croutine.c...
compiling list.c...
compiling event_groups.c...
compiling queue.c...
compiling Int_MPU6050.c...
compiling stream_buffer.c...
compiling stm32f1xx_hal_uart.c...
compiling timers.c...
compiling heap_4.c...
compiling tasks.c...
compiling port.c...
compiling stm32f1xx_hal_tim_ex.c...
compiling stm32f1xx_hal_tim.c...
compiling App_Car.c...
..\App\App_Car.c(75): warning:  #167-D: argument of type "char *" is incompatible with parameter of type "uint8_t *"
      OLED_ShowString(32, 0, bat_str, 16, 1);
..\App\App_Car.c(80): warning:  #167-D: argument of type "char *" is incompatible with parameter of type "uint8_t *"
      OLED_ShowString(24, 16, ea_str, 16, 1); // 前面有EA:三个字符，x=3*8=24开始;第二行，y=16
..\App\App_Car.c(81): warning:  #167-D: argument of type "char *" is incompatible with parameter of type "uint8_t *"
      OLED_ShowString(24, 32, eb_str, 16, 1); // 前面有EB:三个字符，x=3*8=24开始;第三行，y=32
..\App\App_Car.c(85): warning:  #167-D: argument of type "char *" is incompatible with parameter of type "uint8_t *"
      OLED_ShowString(48, 48, angle_str, 16, 1); // 前面有Angle:六个字符，x=6*8=48开始;第四行，y=48
..\App\App_Car.c: 4 warnings, 0 errors
compiling App_Task.c...
linking...
Program Size: Code=29676 RO-data=8172 RW-data=320 ZI-data=18944  
FromELF: creating hex file...
"CAR_HAL\CAR_HAL.axf" - 0 Error(s), 4 Warning(s).

<h2>Software Packages used:</h2>

Package Vendor: ARM
                http://www.keil.com/pack/ARM.CMSIS.5.9.0.pack
                ARM.CMSIS.5.9.0
                CMSIS (Common Microcontroller Software Interface Standard)
   * Component: CORE Version: 5.6.0

Package Vendor: Keil
                https://www.keil.com/pack/Keil.STM32F1xx_DFP.2.4.1.pack
                Keil.STM32F1xx_DFP.2.4.1
                STMicroelectronics STM32F1 Series Device Support, Drivers and Examples

<h2>Collection of Component include folders:</h2>
  ./RTE/_CAR_HAL
  D:/software/Keil_v5/ARM/Packs/ARM/CMSIS/5.9.0/CMSIS/Core/Include
  D:/software/Keil_v5/ARM/Packs/Keil/STM32F1xx_DFP/2.4.1/Device/Include

<h2>Collection of Component Files used:</h2>

   * Component: ARM::CMSIS:CORE:5.6.0
      Include file:  CMSIS/Core/Include/tz_context.h
Build Time Elapsed:  00:00:27
</pre>
</body>
</html>
